###############################################################################
#
# IAR ELF Linker V7.40.3.8902/W32 for ARM                 06/Dec/2016  21:17:07
# Copyright 2007-2015 IAR Systems AB.
#
#    Output file  =  
#        C:\Users\A\Desktop\智能车程序\智能车\Prj\IAR\DZ10_Debug\Exe\vcan_Kinetis.out
#    Map file     =  
#        C:\Users\A\Desktop\智能车程序\智能车\Prj\IAR\DZ10_Debug\List\vcan_Kinetis.map
#    Command line =  
#        C:\Users\A\Desktop\智能车程序\智能车\Prj\IAR\DZ10_Debug\Obj\Camid.o
#        C:\Users\A\Desktop\智能车程序\智能车\Prj\IAR\DZ10_Debug\Obj\main.o
#        C:\Users\A\Desktop\智能车程序\智能车\Prj\IAR\DZ10_Debug\Obj\misc.o
#        C:\Users\A\Desktop\智能车程序\智能车\Prj\IAR\DZ10_Debug\Obj\MK60_adc.o
#        C:\Users\A\Desktop\智能车程序\智能车\Prj\IAR\DZ10_Debug\Obj\MK60_conf.o
#        C:\Users\A\Desktop\智能车程序\智能车\Prj\IAR\DZ10_Debug\Obj\MK60_dac.o
#        C:\Users\A\Desktop\智能车程序\智能车\Prj\IAR\DZ10_Debug\Obj\MK60_dma.o
#        C:\Users\A\Desktop\智能车程序\智能车\Prj\IAR\DZ10_Debug\Obj\MK60_DWT.o
#        C:\Users\A\Desktop\智能车程序\智能车\Prj\IAR\DZ10_Debug\Obj\MK60_flash.o
#        C:\Users\A\Desktop\智能车程序\智能车\Prj\IAR\DZ10_Debug\Obj\MK60_ftm.o
#        C:\Users\A\Desktop\智能车程序\智能车\Prj\IAR\DZ10_Debug\Obj\MK60_gpio.o
#        C:\Users\A\Desktop\智能车程序\智能车\Prj\IAR\DZ10_Debug\Obj\MK60_i2c.o
#        C:\Users\A\Desktop\智能车程序\智能车\Prj\IAR\DZ10_Debug\Obj\MK60_it.o
#        C:\Users\A\Desktop\智能车程序\智能车\Prj\IAR\DZ10_Debug\Obj\MK60_lptmr.o
#        C:\Users\A\Desktop\智能车程序\智能车\Prj\IAR\DZ10_Debug\Obj\MK60_mcg.o
#        C:\Users\A\Desktop\智能车程序\智能车\Prj\IAR\DZ10_Debug\Obj\MK60_PIT.o
#        C:\Users\A\Desktop\智能车程序\智能车\Prj\IAR\DZ10_Debug\Obj\MK60_port.o
#        C:\Users\A\Desktop\智能车程序\智能车\Prj\IAR\DZ10_Debug\Obj\MK60_rtc.o
#        C:\Users\A\Desktop\智能车程序\智能车\Prj\IAR\DZ10_Debug\Obj\MK60_spi.o
#        C:\Users\A\Desktop\智能车程序\智能车\Prj\IAR\DZ10_Debug\Obj\MK60_SysTick.o
#        C:\Users\A\Desktop\智能车程序\智能车\Prj\IAR\DZ10_Debug\Obj\MK60_uart.o
#        C:\Users\A\Desktop\智能车程序\智能车\Prj\IAR\DZ10_Debug\Obj\MK60_wdog.o
#        C:\Users\A\Desktop\智能车程序\智能车\Prj\IAR\DZ10_Debug\Obj\PID.o
#        C:\Users\A\Desktop\智能车程序\智能车\Prj\IAR\DZ10_Debug\Obj\startup_MK60DZ10.o
#        C:\Users\A\Desktop\智能车程序\智能车\Prj\IAR\DZ10_Debug\Obj\system_MK60DZ10.o
#        C:\Users\A\Desktop\智能车程序\智能车\Prj\IAR\DZ10_Debug\Obj\VCAN_key.o
#        C:\Users\A\Desktop\智能车程序\智能车\Prj\IAR\DZ10_Debug\Obj\VCAN_LED.o
#        C:\Users\A\Desktop\智能车程序\智能车\Prj\IAR\DZ10_Debug\Obj\VCAN_MMA7455.o
#        C:\Users\A\Desktop\智能车程序\智能车\Prj\IAR\DZ10_Debug\Obj\VCAN_NRF24L0.o
#        C:\Users\A\Desktop\智能车程序\智能车\Prj\IAR\DZ10_Debug\Obj\VCAN_OV7725_Eagle.o
#        C:\Users\A\Desktop\智能车程序\智能车\Prj\IAR\DZ10_Debug\Obj\VCAN_RTC_count.o
#        C:\Users\A\Desktop\智能车程序\智能车\Prj\IAR\DZ10_Debug\Obj\VCAN_SCCB.o
#        C:\Users\A\Desktop\智能车程序\智能车\Prj\IAR\DZ10_Debug\Obj\vectors.o
#        --redirect _Printf=_PrintfLargeNoMb --redirect _Scanf=_ScanfLargeNoMb
#        -o
#        C:\Users\A\Desktop\智能车程序\智能车\Prj\IAR\DZ10_Debug\Exe\vcan_Kinetis.out
#        --map
#        C:\Users\A\Desktop\智能车程序\智能车\Prj\IAR\DZ10_Debug\List\vcan_Kinetis.map
#        --config "C:\Users\A\Desktop\智能车程序\智能车\Prj\IAR\config
#        files\vcan_ROM_K60N512.icf"
#        C:\Users\A\Desktop\智能车程序\智能车\Prj\IAR\..\..\Lib\CMSIS\iar_cortexM4l_math.a
#        --entry __iar_program_start --vfe
#
###############################################################################

*******************************************************************************
*** RUNTIME MODEL ATTRIBUTES
***

CppFlavor       = *
__SystemLibrary = DLib


*******************************************************************************
*** PLACEMENT SUMMARY
***

"A1":  place at 0x00000000 { ro section .intvec };
"A2":  place at 0x00000410 { ro section .noinit };
"P1":  place in [from 0x00000000 to 0x00080000] { ro, block CodeRelocate };
"P2":  place in [from 0x1fff0410 to 0x20010000] {
          rw, block CodeRelocateRam, block CSTACK, block HEAP };

  Section              Kind        Address    Size  Object
  -------              ----        -------    ----  ------
"A1":                                        0x410
  .intvec              const    0x00000000   0x410  vectors.o [1]
                              - 0x00000410   0x410

"A2":                                          0x8
  .noinit              ro code  0x00000410     0x8  startup_MK60DZ10.o [1]
                              - 0x00000418     0x8

"P1":                                       0x4cd8
  .text                ro code  0x00000418   0xbf6  xprintflarge_nomb.o [3]
  .rodata              const    0x0000100e     0x2  main.o [1]
  .text                ro code  0x00001010    0x16  strchr.o [5]
  .rodata              const    0x00001026     0x1  main.o [1]
  .text                ro code  0x00001028    0x36  strlen.o [5]
  .text                ro code  0x00001060    0x58  memchr.o [5]
  .text                ro code  0x000010b8    0xee  I64DivMod.o [5]
  .text                ro code  0x000011a8    0x76  ABImemcpy_unaligned.o [5]
  .text                ro code  0x0000121e    0x42  xdnorm.o [4]
  .text                ro code  0x00001260    0x2e  DblCmpLe.o [4]
  .text                ro code  0x00001290   0x1a2  DblMul.o [4]
  .text                ro code  0x00001434   0x256  DblDiv.o [4]
  .text                ro code  0x0000168c    0x2c  DblToI32.o [4]
  .text                ro code  0x000016b8    0x1c  I32ToDbl.o [4]
  .text                ro code  0x000016d4   0x180  DblSub.o [4]
  .text                ro code  0x00001854    0x6c  localeconv.o [3]
  .text                ro code  0x000018c0     0xe  div.o [3]
  .text                ro code  0x000018d0     0x2  I64DivZer.o [5]
  .text                ro code  0x000018d4    0xe8  DblAdd.o [4]
  .text                ro code  0x000019bc     0x2  xtls.o [3]
  .data_init                    0x000019c0   0x94c  <Block>
    Initializer bytes  const    0x000019c0   0x94c  <for .data-1>
  .text                ro code  0x0000230c   0x69c  Camid.o [1]
  .text                ro code  0x000029a8    0x2e  I32ToFlt.o [4]
  .text                ro code  0x000029d8    0xd8  FltMul.o [4]
  .text                ro code  0x00002ab0    0x84  FltAdd.o [4]
  .text                ro code  0x00002b34    0x44  FltToS32.o [4]
  .text                ro code  0x00002b78    0xe6  FltSub.o [4]
  .text                ro code  0x00002c60   0x4fc  MK60_ftm.o [1]
  .text                ro code  0x0000315c    0xb0  MK60_port.o [1]
  Veneer               ro code  0x0000320c     0x8  - Linker created -
  Veneer               ro code  0x00003214     0x8  - Linker created -
  .text                ro code  0x0000321c   0x140  MK60_conf.o [1]
  .text                ro code  0x0000335c    0x50  VCAN_LED.o [1]
  .text                ro code  0x000033ac    0x24  printf.o [3]
  .text                ro code  0x000033d0    0x78  MK60_DWT.o [1]
  .text                ro code  0x00003448   0x264  MK60_uart.o [1]
  .text                ro code  0x000036ac    0x9c  VCAN_key.o [1]
  .text                ro code  0x00003748   0x130  MK60_gpio.o [1]
  Veneer               ro code  0x00003878     0x8  - Linker created -
  .text                ro code  0x00003880   0x3b4  MK60_mcg.o [1]
  .text                ro code  0x00003c34   0x362  VCAN_SCCB.o [1]
  .text                ro code  0x00003f98   0x30c  main.o [1]
  .text                ro code  0x000042a4   0x208  VCAN_OV7725_Eagle.o [1]
  .text                ro code  0x000044ac    0x50  misc.o [1]
  .text                ro code  0x000044fc    0xcc  PID.o [1]
  .text                ro code  0x000045c8    0x7c  MK60_PIT.o [1]
  .text                ro code  0x00004644    0x24  FltCmpLe.o [4]
  .text                ro code  0x00004668    0x24  FltCmpGe.o [4]
  .text                ro code  0x0000468c    0x4e  FltToDbl.o [4]
  .text                ro code  0x000046dc    0x90  DblToFlt.o [4]
  .text                ro code  0x0000476c   0x284  MK60_dma.o [1]
  CodeRelocate                  0x000049f0   0x1b8  <Block>
    Initializer bytes  const    0x000049f0   0x1b8  <for CodeRelocateRam-1>
  .text                ro code  0x00004ba8   0x124  system_MK60DZ10.o [1]
  .text                ro code  0x00004ccc    0x40  MK60_wdog.o [1]
  .text                ro code  0x00004d0c    0x40  zero_init3.o [5]
  .rodata              const    0x00004d4c    0x3c  MK60_conf.o [1]
  .rodata              const    0x00004d88    0x3c  MK60_dma.o [1]
  .rodata              const    0x00004dc4    0x3c  MK60_flash.o [1]
  .rodata              const    0x00004e00    0x3c  MK60_ftm.o [1]
  .rodata              const    0x00004e3c    0x3c  MK60_gpio.o [1]
  .rodata              const    0x00004e78    0x3c  MK60_PIT.o [1]
  .rodata              const    0x00004eb4    0x3c  MK60_uart.o [1]
  .rodata              const    0x00004ef0    0x38  misc.o [1]
  .text                ro code  0x00004f28    0x28  data_init.o [5]
  .rodata              const    0x00004f50    0x24  MK60_conf.o [1]
  .iar.init_table      const    0x00004f74    0x10  - Linker created -
  .rodata              const    0x00004f84    0x20  MK60_conf.o [1]
  .text                ro code  0x00004fa4    0x1a  cmain.o [5]
  .text                ro code  0x00004fbe     0x4  low_level_init.o [3]
  .text                ro code  0x00004fc2     0x4  exit.o [3]
  .text                ro code  0x00004fc8     0xa  cexit.o [5]
  .text                ro code  0x00004fd4     0xc  XXexit.o [5]
  .rodata              const    0x00004fe0    0x18  VCAN_OV7725_Eagle.o [1]
  .rodata              const    0x00004ff8    0x18  VCAN_OV7725_Eagle.o [1]
  .text                ro code  0x00005010    0x16  xprout.o [3]
  .text                ro code  0x00005028     0xc  putchar.o [3]
  .rodata              const    0x00005034    0x14  MK60_conf.o [1]
  .rodata              const    0x00005048    0x14  VCAN_OV7725_Eagle.o [1]
  .text                ro code  0x0000505c     0xc  cstartup_M.o [5]
  .rodata              const    0x00005068     0x0  zero_init3.o [5]
  Initializer bytes    const    0x00005068    0x88  <for P2 s0>
                              - 0x000050f0  0x4cd8

"P2":                                       0x61f0
  .data                         0x1fff0410   0x94c  <Block>
    .data-1                     0x1fff0410   0x94c  <Init block>
      .data            inited   0x1fff0410     0x4  Camid.o [1]
      .data            inited   0x1fff0414     0x4  Camid.o [1]
      .data            inited   0x1fff0418    0xf0  Camid.o [1]
      .data            inited   0x1fff0508   0x708  MK60_conf.o [1]
      .data            inited   0x1fff0c10     0xc  MK60_ftm.o [1]
      .data            inited   0x1fff0c1c    0x14  MK60_gpio.o [1]
      .data            inited   0x1fff0c30    0x44  MK60_mcg.o [1]
      .data            inited   0x1fff0c74     0x4  MK60_mcg.o [1]
      .data            inited   0x1fff0c78    0x14  MK60_port.o [1]
      .data            inited   0x1fff0c8c    0x18  MK60_uart.o [1]
      .data            inited   0x1fff0ca4     0x8  VCAN_key.o [1]
      .data            inited   0x1fff0cac     0x4  VCAN_LED.o [1]
      .data            inited   0x1fff0cb0     0x1  VCAN_OV7725_Eagle.o [1]
      .data            inited   0x1fff0cb4    0x64  VCAN_OV7725_Eagle.o [1]
      .data            inited   0x1fff0d18     0x1  VCAN_OV7725_Eagle.o [1]
      .data            inited   0x1fff0d1c    0x40  xfiles.o [3]
  CodeRelocateRam               0x1fff0d5c   0x1b8  <Block>
    CodeRelocateRam-1           0x1fff0d5c   0x1b8  <Init block>
      Veneer           inited   0x1fff0d5c     0x8  - Linker created -
      .textrw          inited   0x1fff0d64   0x160  MK60_flash.o [1]
      .textrw          inited   0x1fff0ec4    0x50  MK60_mcg.o [1]
  .bss                          0x1fff0f14  0x5664  <Block>
    .bss               zero     0x1fff0f14    0x7c  Camid.o [1]
    .bss               zero     0x1fff0f90    0x7c  Camid.o [1]
    .bss               zero     0x1fff100c    0x7c  Camid.o [1]
    .bss               zero     0x1fff1088     0x4  Camid.o [1]
    .bss               zero     0x1fff108c     0x4  Camid.o [1]
    .bss               zero     0x1fff1090   0x960  main.o [1]
    .bss               zero     0x1fff19f0  0x4b00  main.o [1]
    .bss               zero     0x1fff64f0     0x4  main.o [1]
    .bss               zero     0x1fff64f4     0x4  main.o [1]
    .bss               zero     0x1fff64f8    0x20  PID.o [1]
    .bss               zero     0x1fff6518     0x4  system_MK60DZ10.o [1]
    .bss               zero     0x1fff651c     0x4  system_MK60DZ10.o [1]
    .bss               zero     0x1fff6520     0x4  system_MK60DZ10.o [1]
    .bss               zero     0x1fff6524     0x4  VCAN_OV7725_Eagle.o [1]
    .bss               zero     0x1fff6528    0x50  xfiles.o [3]
  P2 s0                         0x1fff6578    0x88  <Init block>
    __DLIB_PERTHREAD   inited   0x1fff6578    0x88  localeconv.o [3]
                              - 0x1fff6600  0x61f0


*******************************************************************************
*** INIT TABLE
***

          Address     Size
          -------     ----
Zero (__iar_zero_init3)
    1 destination range, total size 0x5664:
          0x1fff0f14  0x5664



*******************************************************************************
*** MODULE SUMMARY
***

    Module                 ro code  rw code  ro data  rw data
    ------                 -------  -------  -------  -------
C:\Users\A\Desktop\智能车程序\智能车\Prj\IAR\DZ10_Debug\Obj: [1]
    Camid.o                  1 692               248      628
    MK60_DWT.o                 120
    MK60_PIT.o                 124                60
    MK60_conf.o                320             1 948    1 800
    MK60_dma.o                 644                60
    MK60_flash.o                        352      412
    MK60_ftm.o               1 276                72       12
    MK60_gpio.o                304                80       20
    MK60_mcg.o                 948       80      152       72
    MK60_port.o                176                20       20
    MK60_uart.o                612                84       24
    MK60_wdog.o                 64
    PID.o                      204                         32
    VCAN_LED.o                  80                 4        4
    VCAN_OV7725_Eagle.o        520               173      106
    VCAN_SCCB.o                866
    VCAN_key.o                 156                 8        8
    main.o                     780                 3   21 608
    misc.o                      80                56
    startup_MK60DZ10.o           8
    system_MK60DZ10.o          292                         12
    vectors.o                                  1 040
    ---------------------------------------------------------
    Total:                   9 266      432    4 420   24 346

command line: [2]
    ---------------------------------------------------------
    Total:

dl7M_tlf.a: [3]
    div.o                       14
    exit.o                       4
    localeconv.o               108               136      136
    low_level_init.o             4
    printf.o                    36
    putchar.o                   12
    xfiles.o                                      67      144
    xprintflarge_nomb.o      3 062
    xprout.o                    22
    xtls.o                       2
    ---------------------------------------------------------
    Total:                   3 264               203      280

m7M_tl.a: [4]
    DblAdd.o                   232
    DblCmpLe.o                  46
    DblDiv.o                   598
    DblMul.o                   418
    DblSub.o                   384
    DblToFlt.o                 144
    DblToI32.o                  44
    FltAdd.o                   132
    FltCmpGe.o                  36
    FltCmpLe.o                  36
    FltMul.o                   216
    FltSub.o                   230
    FltToDbl.o                  78
    FltToS32.o                  68
    I32ToDbl.o                  28
    I32ToFlt.o                  46
    xdnorm.o                    66
    ---------------------------------------------------------
    Total:                   2 802

rt7M_tl.a: [5]
    ABImemcpy_unaligned.o      118
    I64DivMod.o                238
    I64DivZer.o                  2
    XXexit.o                    12
    cexit.o                     10
    cmain.o                     26
    cstartup_M.o                12
    data_init.o                 40
    memchr.o                    88
    strchr.o                    22
    strlen.o                    54
    zero_init3.o                64
    ---------------------------------------------------------
    Total:                     686

    Gaps                        29                          6
    Linker created              24        8       24
-------------------------------------------------------------
    Grand Total:            16 071      440    4 647   24 632


*******************************************************************************
*** ENTRY LIST
***

Entry                      Address    Size  Type      Object
-----                      -------    ----  ----      ------
.bss$$Base              0x1fff0f14           --   Gb  - Linker created -
.bss$$Limit             0x1fff6578           --   Gb  - Linker created -
.data$$Base             0x1fff0410           --   Gb  - Linker created -
.data$$Limit            0x1fff0d5c           --   Gb  - Linker created -
.data_init$$Base        0x000019c0           --   Gb  - Linker created -
.data_init$$Limit       0x0000230c           --   Gb  - Linker created -
.iar.init_table$$Base   0x00004f74           --   Gb  - Linker created -
.iar.init_table$$Limit  0x00004f84           --   Gb  - Linker created -
?main                   0x00004fa5          Code  Gb  cmain.o [5]
ASSERT_FAILED_STR       0x00004f50    0x24  Data  Gb  MK60_conf.o [1]
CodeRelocate$$Base      0x000049f0           --   Gb  - Linker created -
CodeRelocate$$Limit     0x00004ba8           --   Gb  - Linker created -
CodeRelocateRam$$Base   0x1fff0d5c           --   Gb  - Linker created -
CodeRelocateRam$$Limit  0x1fff0f14           --   Gb  - Linker created -
DMA0_IRQHandler         0x00004159     0x8  Code  Gb  main.o [1]
Error                   0x1fff1088     0x4  Data  Gb  Camid.o [1]
FTMN                    0x1fff0c10     0xc  Data  Gb  MK60_ftm.o [1]
FTM_PWM_Duty            0x00002ef9    0xf6  Code  Gb  MK60_ftm.o [1]
FTM_PWM_init            0x00002d79   0x180  Code  Gb  MK60_ftm.o [1]
FTM_QUAD_Init           0x00002fef   0x106  Code  Gb  MK60_ftm.o [1]
FTM_QUAD_clean          0x00003121    0x28  Code  Gb  MK60_ftm.o [1]
FTM_QUAD_get            0x000030f5    0x2c  Code  Gb  MK60_ftm.o [1]
FTM_port_mux            0x00002c61   0x118  Code  Lc  MK60_ftm.o [1]
Fit_Middleline          0x1fff0f14    0x7c  Data  Gb  Camid.o [1]
GPIOX                   0x1fff0c1c    0x14  Data  Gb  MK60_gpio.o [1]
KD                      0x1fff0414     0x4  Data  Gb  Camid.o [1]
KEY_PTxn                0x1fff0ca4     0x8  Data  Gb  VCAN_key.o [1]
KP                      0x1fff0410     0x4  Data  Gb  Camid.o [1]
LED_PTxn                0x1fff0cac     0x4  Data  Gb  VCAN_LED.o [1]
LastError               0x1fff108c     0x4  Data  Gb  Camid.o [1]
Left_Black              0x1fff0f90    0x7c  Data  Gb  Camid.o [1]
LoadInt                 0x00000999    0x6e  Code  Lc  xprintflarge_nomb.o [3]
NVIC_DisableIRQ         0x000042b9    0x14  Code  Lc  VCAN_OV7725_Eagle.o [1]
NVIC_EnableIRQ          0x000042a5    0x14  Code  Lc  VCAN_OV7725_Eagle.o [1]
NVIC_SystemReset        0x0000321d    0x1a  Code  Lc  MK60_conf.o [1]
PID_init                0x000044fd    0x32  Code  Gb  PID.o [1]
PID_realize             0x00004535    0x80  Code  Gb  PID.o [1]
PIT0_IRQHandler         0x00004161    0xfa  Code  Gb  main.o [1]
PORTA_IRQHandler        0x00004135    0x22  Code  Gb  main.o [1]
PORTX                   0x1fff0c78    0x14  Data  Gb  MK60_port.o [1]
Region$$Table$$Base     0x00004f74           --   Gb  - Linker created -
Region$$Table$$Limit    0x00004f84           --   Gb  - Linker created -
Reset_Handler           0x00000411          Code  Gb  startup_MK60DZ10.o [1]
Right_Black             0x1fff100c    0x7c  Data  Gb  Camid.o [1]
SCCB_Ack                0x00003d09    0x3c  Code  Lc  VCAN_SCCB.o [1]
SCCB_GPIO_init          0x00003c4f    0x28  Code  Gb  VCAN_SCCB.o [1]
SCCB_NoAck              0x00003d45    0x3c  Code  Lc  VCAN_SCCB.o [1]
SCCB_ReadByte           0x00003ee5    0x2c  Code  Gb  VCAN_SCCB.o [1]
SCCB_ReadByte_one       0x00003f11    0x86  Code  Lc  VCAN_SCCB.o [1]
SCCB_ReceiveByte        0x00003e11    0x54  Code  Lc  VCAN_SCCB.o [1]
SCCB_SendByte           0x00003dcd    0x44  Code  Lc  VCAN_SCCB.o [1]
SCCB_Start              0x00003c77    0x5e  Code  Lc  VCAN_SCCB.o [1]
SCCB_Stop               0x00003cd5    0x34  Code  Lc  VCAN_SCCB.o [1]
SCCB_WaitAck            0x00003d81    0x4c  Code  Lc  VCAN_SCCB.o [1]
SCCB_WriteByte          0x00003e75    0x28  Code  Gb  VCAN_SCCB.o [1]
SCCB_WriteByte_one      0x00003e9d    0x48  Code  Lc  VCAN_SCCB.o [1]
SCCB_delay              0x00003c35    0x1a  Code  Lc  VCAN_SCCB.o [1]
UARTN                   0x1fff0c8c    0x18  Data  Gb  MK60_uart.o [1]
_GenldLargeNoMb         0x00000d8d   0x238  Code  Lc  xprintflarge_nomb.o [3]
_LdtobLargeNoMb         0x00000b0d   0x27a  Code  Lc  xprintflarge_nomb.o [3]
_LitobLargeNoMb         0x00000a07   0x106  Code  Lc  xprintflarge_nomb.o [3]
_Locale_aeabi_lconv     0x1fff65c8    0x38  Data  Gb  localeconv.o [3]
_Locale_lconv           0x1fff6578    0x50  Data  Gb  localeconv.o [3]
_PrintfLargeNoMb        0x00000419   0x57a  Code  Gb  xprintflarge_nomb.o [3]
_Prout                  0x00005011    0x16  Code  Gb  xprout.o [3]
_PutcharsLargeNoMb      0x00000fc5    0x2e  Code  Lc  xprintflarge_nomb.o [3]
__BOOT_STACK_ADDRESS {Abs}
                        0x2000fff8           --   Gb  command line/config [2]
__VECTOR_RAM {Abs}      0x1fff0000           --   Gb  command line/config [2]
__VECTOR_TABLE {Abs}    0x00000000           --   Gb  command line/config [2]
__aeabi_cdcmple         0x00001261          Code  Gb  DblCmpLe.o [4]
__aeabi_cfcmple         0x00004645          Code  Gb  FltCmpLe.o [4]
__aeabi_cfrcmple        0x00004669          Code  Gb  FltCmpGe.o [4]
__aeabi_d2f             0x000046dd          Code  Gb  DblToFlt.o [4]
__aeabi_d2uiz           0x0000168d          Code  Gb  DblToI32.o [4]
__aeabi_dadd            0x000018d5          Code  Gb  DblAdd.o [4]
__aeabi_ddiv            0x00001435          Code  Gb  DblDiv.o [4]
__aeabi_dmul            0x00001291          Code  Gb  DblMul.o [4]
__aeabi_dsub            0x000016d5          Code  Gb  DblSub.o [4]
__aeabi_f2d             0x0000468d          Code  Gb  FltToDbl.o [4]
__aeabi_f2iz            0x00002b35          Code  Gb  FltToS32.o [4]
__aeabi_fadd            0x00002ab1          Code  Gb  FltAdd.o [4]
__aeabi_fmul            0x000029d9          Code  Gb  FltMul.o [4]
__aeabi_fsub            0x00002b79          Code  Gb  FltSub.o [4]
__aeabi_i2f             0x000029a9          Code  Gb  I32ToFlt.o [4]
__aeabi_ldiv0           0x000018d1          Code  Gb  I64DivZer.o [5]
__aeabi_ui2d            0x000016b9          Code  Gb  I32ToDbl.o [4]
__aeabi_uldivmod        0x000010b9          Code  Gb  I64DivMod.o [5]
__cmain                 0x00004fa5          Code  Gb  cmain.o [5]
__code_start__ {Abs}    0x00000410           --   Gb  command line/config [2]
__exit                  0x00004fd5          Code  Gb  XXexit.o [5]
__iar_Dnorm             0x0000121f    0x42  Code  Gb  xdnorm.o [4]
__iar_Locale_lconv_init
                        0x00001855    0x3a  Code  Gb  localeconv.o [3]
__iar_Memchr            0x00001061          Code  Gb  memchr.o [5]
__iar_Stdout            0x1fff0d1c    0x40  Data  Gb  xfiles.o [3]
__iar_Strchr            0x00001011          Code  Gb  strchr.o [5]
__iar_d2uiz             0x00001699          Code  Gb  DblToI32.o [4]
__iar_dadd              0x000018e9          Code  Gb  DblAdd.o [4]
__iar_data_init3        0x00004f29    0x28  Code  Gb  data_init.o [5]
__iar_dlib_perthread_access
                        0x000019bd     0x2  Code  Gb  xtls.o [3]
__iar_dsub              0x000016e9          Code  Gb  DblSub.o [4]
__iar_dsubStart         0x000016fb          Code  Gb  DblSub.o [4]
__iar_fadd              0x00002ac1          Code  Gb  FltAdd.o [4]
__iar_fsub              0x00002b89          Code  Gb  FltSub.o [4]
__iar_fsubStart         0x00002b99          Code  Gb  FltSub.o [4]
__iar_program_start     0x0000505d          Code  Gb  cstartup_M.o [5]
__iar_ui2d              0x000016bd          Code  Gb  I32ToDbl.o [4]
__iar_ui2f              0x000029bd          Code  Gb  I32ToFlt.o [4]
__iar_unaligned___aeabi_memcpy
                        0x000011a9          Code  Gb  ABImemcpy_unaligned.o [5]
__iar_unaligned___aeabi_memcpy4
                        0x000011c9          Code  Gb  ABImemcpy_unaligned.o [5]
__iar_unaligned___aeabi_memcpy8
                        0x000011c9          Code  Gb  ABImemcpy_unaligned.o [5]
__iar_zero_init3        0x00004d0d    0x40  Code  Gb  zero_init3.o [5]
__low_level_init        0x00004fbf     0x4  Code  Gb  low_level_init.o [3]
__vector_table          0x00000000   0x410  Data  Gb  vectors.o [1]
_call_main              0x00004fb1          Code  Gb  cmain.o [5]
_exit                   0x00004fc9          Code  Gb  cexit.o [5]
_main                   0x00004fbb          Code  Gb  cmain.o [5]
asas                    0x1fff64f0     0x4  Data  Gb  main.o [1]
assert_failed           0x00003237    0x26  Code  Gb  MK60_conf.o [1]
bus_clk_khz             0x1fff6520     0x4  Data  Gb  system_MK60DZ10.o [1]
common_startup          0x00004bfd    0x98  Code  Gb  system_MK60DZ10.o [1]
core_clk_khz            0x1fff6518     0x4  Data  Gb  system_MK60DZ10.o [1]
core_clk_mhz            0x1fff651c     0x4  Data  Gb  system_MK60DZ10.o [1]
default_isr             0x0000330b    0x30  Code  Gb  MK60_conf.o [1]
div                     0x000018c1     0xe  Code  Gb  div.o [3]
dma_gpio_input_init     0x0000476d    0x5c  Code  Lc  MK60_dma.o [1]
dma_portx2buff_init     0x000047c9   0x1f4  Code  Gb  MK60_dma.o [1]
dwt_delay_ms            0x00003431    0x18  Code  Gb  MK60_DWT.o [1]
dwt_delay_us            0x000033d1    0x4e  Code  Gb  MK60_DWT.o [1]
exit                    0x00004fc3     0x4  Code  Gb  exit.o [3]
flash_cmd               0x1fff0d65    0x20  Code  Gb  MK60_flash.o [1]
flash_erase_sector      0x1fff0dad    0x58  Code  Gb  MK60_flash.o [1]
flash_init              0x1fff0d85    0x28  Code  Gb  MK60_flash.o [1]
flash_write             0x1fff0e05    0x8e  Code  Gb  MK60_flash.o [1]
fputc                   0x0000325d    0x14  Code  Gb  MK60_conf.o [1]
get_centerline          0x0000230d   0x5cc  Code  Gb  Camid.o [1]
geterr                  0x0000452f     0x6  Code  Gb  PID.o [1]
gpio_get                0x00003831    0x3e  Code  Gb  MK60_gpio.o [1]
gpio_init               0x00003749    0xae  Code  Gb  MK60_gpio.o [1]
gpio_turn               0x000037f7    0x3a  Code  Gb  MK60_gpio.o [1]
img                     0x1fff19f0  0x4b00  Data  Gb  main.o [1]
img_extract             0x000040a5    0x8e  Code  Gb  main.o [1]
imgbuff                 0x1fff1090   0x960  Data  Gb  main.o [1]
key_check               0x00003719    0x2a  Code  Gb  VCAN_key.o [1]
key_get                 0x000036ff    0x1a  Code  Gb  VCAN_key.o [1]
key_init                0x000036ad    0x52  Code  Gb  VCAN_key.o [1]
led_init                0x0000335d    0x3a  Code  Gb  VCAN_LED.o [1]
led_turn                0x00003397    0x10  Code  Gb  VCAN_LED.o [1]
localeconv              0x0000188f    0x16  Code  Gb  localeconv.o [3]
main                    0x00003f99    0xe8  Code  Gb  main.o [1]
mcg_cfg                 0x1fff0c30    0x44  Data  Gb  MK60_mcg.o [1]
mcg_div                 0x1fff0c74     0x4  Data  Gb  MK60_mcg.o [1]
mcg_div_count           0x00003881   0x2e6  Code  Gb  MK60_mcg.o [1]
memchr                  0x00001061          Code  Gb  memchr.o [5]
obuf                    0x1fff6528    0x50  Data  Lc  xfiles.o [3]
ov7725_eagle_cfgnum     0x1fff0d18     0x1  Data  Gb  VCAN_OV7725_Eagle.o [1]
ov7725_eagle_dma        0x0000437d    0x14  Code  Gb  VCAN_OV7725_Eagle.o [1]
ov7725_eagle_get_img    0x00004391    0x42  Code  Gb  VCAN_OV7725_Eagle.o [1]
ov7725_eagle_img_buff   0x1fff6524     0x4  Data  Gb  VCAN_OV7725_Eagle.o [1]
ov7725_eagle_img_flag   0x1fff0cb0     0x1  Data  Gb  VCAN_OV7725_Eagle.o [1]
ov7725_eagle_init       0x000042cd    0x18  Code  Gb  VCAN_OV7725_Eagle.o [1]
ov7725_eagle_port_init  0x000042e5    0x54  Code  Lc  VCAN_OV7725_Eagle.o [1]
ov7725_eagle_reg        0x1fff0cb4    0x64  Data  Gb  VCAN_OV7725_Eagle.o [1]
ov7725_eagle_reg_init   0x000043d3    0x96  Code  Lc  VCAN_OV7725_Eagle.o [1]
ov7725_eagle_vsync      0x00004339    0x44  Code  Gb  VCAN_OV7725_Eagle.o [1]
pid1                    0x1fff64f8    0x20  Data  Gb  PID.o [1]
pit_init                0x000045c9    0x6c  Code  Gb  MK60_PIT.o [1]
pll_init                0x00003b67    0xb2  Code  Gb  MK60_mcg.o [1]
port_init               0x0000315d    0x44  Code  Gb  MK60_port.o [1]
port_init_NoALT         0x000031a1    0x62  Code  Gb  MK60_port.o [1]
printf                  0x000033ad    0x24  Code  Gb  printf.o [3]
putchar                 0x00005029     0xc  Code  Gb  putchar.o [3]
s1                      0x1fff64f4     0x4  Data  Gb  main.o [1]
sendimg                 0x00004081    0x24  Code  Gb  main.o [1]
servo_control           0x000028d9    0xae  Code  Gb  Camid.o [1]
set_sys_dividers        0x1fff0ec5    0x50  Code  Gb  MK60_mcg.o [1]
set_vector_handler      0x000044cf    0x22  Code  Gb  misc.o [1]
start                   0x00004ba9    0x18  Code  Gb  system_MK60DZ10.o [1]
start_check             0x00003271    0x9a  Code  Gb  MK60_conf.o [1]
strchr                  0x00001011          Code  Gb  strchr.o [5]
strlen                  0x00001029          Code  Gb  strlen.o [5]
sysinit                 0x00004bc1    0x3c  Code  Gb  system_MK60DZ10.o [1]
uart_init               0x00003449   0x20e  Code  Gb  MK60_uart.o [1]
uart_putbuff            0x00003671    0x24  Code  Gb  MK60_uart.o [1]
uart_putchar            0x00003657    0x1a  Code  Gb  MK60_uart.o [1]
vector_str              0x1fff0508   0x708  Data  Gb  MK60_conf.o [1]
wdog_disable            0x00004ccd    0x16  Code  Gb  MK60_wdog.o [1]
wdog_unlock             0x00004ce3    0x20  Code  Lc  MK60_wdog.o [1]
write_vtor              0x000044ad    0x22  Code  Gb  misc.o [1]
xz                      0x1fff0418    0xf0  Data  Gb  Camid.o [1]


[1] = C:\Users\A\Desktop\智能车程序\智能车\Prj\IAR\DZ10_Debug\Obj
[2] = command line
[3] = dl7M_tlf.a
[4] = m7M_tl.a
[5] = rt7M_tl.a

  16 071 bytes of readonly  code memory
     440 bytes of readwrite code memory
   4 647 bytes of readonly  data memory
  24 632 bytes of readwrite data memory

Errors: none
Warnings: none
