###############################################################################
#
# IAR ELF Linker V7.40.3.8902/W32 for ARM                 19/Dec/2016  12:00:09
# Copyright 2007-2015 IAR Systems AB.
#
#    Output file  =  
#        C:\Users\HK\Desktop\智能车\Prj\IAR\DZ10_Debug\Exe\vcan_Kinetis.out
#    Map file     =  
#        C:\Users\HK\Desktop\智能车\Prj\IAR\DZ10_Debug\List\vcan_Kinetis.map
#    Command line =  
#        C:\Users\HK\Desktop\智能车\Prj\IAR\DZ10_Debug\Obj\Camid.o
#        C:\Users\HK\Desktop\智能车\Prj\IAR\DZ10_Debug\Obj\main.o
#        C:\Users\HK\Desktop\智能车\Prj\IAR\DZ10_Debug\Obj\misc.o
#        C:\Users\HK\Desktop\智能车\Prj\IAR\DZ10_Debug\Obj\MK60_adc.o
#        C:\Users\HK\Desktop\智能车\Prj\IAR\DZ10_Debug\Obj\MK60_conf.o
#        C:\Users\HK\Desktop\智能车\Prj\IAR\DZ10_Debug\Obj\MK60_dac.o
#        C:\Users\HK\Desktop\智能车\Prj\IAR\DZ10_Debug\Obj\MK60_dma.o
#        C:\Users\HK\Desktop\智能车\Prj\IAR\DZ10_Debug\Obj\MK60_DWT.o
#        C:\Users\HK\Desktop\智能车\Prj\IAR\DZ10_Debug\Obj\MK60_flash.o
#        C:\Users\HK\Desktop\智能车\Prj\IAR\DZ10_Debug\Obj\MK60_ftm.o
#        C:\Users\HK\Desktop\智能车\Prj\IAR\DZ10_Debug\Obj\MK60_gpio.o
#        C:\Users\HK\Desktop\智能车\Prj\IAR\DZ10_Debug\Obj\MK60_i2c.o
#        C:\Users\HK\Desktop\智能车\Prj\IAR\DZ10_Debug\Obj\MK60_it.o
#        C:\Users\HK\Desktop\智能车\Prj\IAR\DZ10_Debug\Obj\MK60_lptmr.o
#        C:\Users\HK\Desktop\智能车\Prj\IAR\DZ10_Debug\Obj\MK60_mcg.o
#        C:\Users\HK\Desktop\智能车\Prj\IAR\DZ10_Debug\Obj\MK60_PIT.o
#        C:\Users\HK\Desktop\智能车\Prj\IAR\DZ10_Debug\Obj\MK60_port.o
#        C:\Users\HK\Desktop\智能车\Prj\IAR\DZ10_Debug\Obj\MK60_rtc.o
#        C:\Users\HK\Desktop\智能车\Prj\IAR\DZ10_Debug\Obj\MK60_spi.o
#        C:\Users\HK\Desktop\智能车\Prj\IAR\DZ10_Debug\Obj\MK60_SysTick.o
#        C:\Users\HK\Desktop\智能车\Prj\IAR\DZ10_Debug\Obj\MK60_uart.o
#        C:\Users\HK\Desktop\智能车\Prj\IAR\DZ10_Debug\Obj\MK60_wdog.o
#        C:\Users\HK\Desktop\智能车\Prj\IAR\DZ10_Debug\Obj\PID.o
#        C:\Users\HK\Desktop\智能车\Prj\IAR\DZ10_Debug\Obj\startup_MK60DZ10.o
#        C:\Users\HK\Desktop\智能车\Prj\IAR\DZ10_Debug\Obj\system_MK60DZ10.o
#        C:\Users\HK\Desktop\智能车\Prj\IAR\DZ10_Debug\Obj\VCAN_key.o
#        C:\Users\HK\Desktop\智能车\Prj\IAR\DZ10_Debug\Obj\VCAN_LED.o
#        C:\Users\HK\Desktop\智能车\Prj\IAR\DZ10_Debug\Obj\VCAN_MMA7455.o
#        C:\Users\HK\Desktop\智能车\Prj\IAR\DZ10_Debug\Obj\VCAN_NRF24L0.o
#        C:\Users\HK\Desktop\智能车\Prj\IAR\DZ10_Debug\Obj\VCAN_OV7725_Eagle.o
#        C:\Users\HK\Desktop\智能车\Prj\IAR\DZ10_Debug\Obj\VCAN_RTC_count.o
#        C:\Users\HK\Desktop\智能车\Prj\IAR\DZ10_Debug\Obj\VCAN_SCCB.o
#        C:\Users\HK\Desktop\智能车\Prj\IAR\DZ10_Debug\Obj\vectors.o --redirect
#        _Printf=_PrintfLargeNoMb --redirect _Scanf=_ScanfLargeNoMb -o
#        C:\Users\HK\Desktop\智能车\Prj\IAR\DZ10_Debug\Exe\vcan_Kinetis.out
#        --map
#        C:\Users\HK\Desktop\智能车\Prj\IAR\DZ10_Debug\List\vcan_Kinetis.map
#        --config "C:\Users\HK\Desktop\智能车\Prj\IAR\config
#        files\vcan_ROM_K60N512.icf"
#        C:\Users\HK\Desktop\智能车\Prj\IAR\..\..\Lib\CMSIS\iar_cortexM4l_math.a
#        --entry __iar_program_start --vfe
#
###############################################################################

*******************************************************************************
*** RUNTIME MODEL ATTRIBUTES
***

CppFlavor       = *
__SystemLibrary = DLib


*******************************************************************************
*** PLACEMENT SUMMARY
***

"A1":  place at 0x00000000 { ro section .intvec };
"A2":  place at 0x00000410 { ro section .noinit };
"P1":  place in [from 0x00000000 to 0x00080000] { ro, block CodeRelocate };
"P2":  place in [from 0x1fff0410 to 0x20010000] {
          rw, block CodeRelocateRam, block CSTACK, block HEAP };

  Section              Kind        Address    Size  Object
  -------              ----        -------    ----  ------
"A1":                                        0x410
  .intvec              const    0x00000000   0x410  vectors.o [1]
                              - 0x00000410   0x410

"A2":                                          0x8
  .noinit              ro code  0x00000410     0x8  startup_MK60DZ10.o [1]
                              - 0x00000418     0x8

"P1":                                       0x4da4
  .text                ro code  0x00000418   0xbf6  xprintflarge_nomb.o [3]
  .rodata              const    0x0000100e     0x2  main.o [1]
  .text                ro code  0x00001010    0x16  strchr.o [5]
  .text                ro code  0x00001028    0x36  strlen.o [5]
  .text                ro code  0x00001060    0x58  memchr.o [5]
  .text                ro code  0x000010b8    0xee  I64DivMod.o [5]
  .text                ro code  0x000011a8    0x76  ABImemcpy_unaligned.o [5]
  .text                ro code  0x0000121e    0x42  xdnorm.o [4]
  .text                ro code  0x00001260    0x2e  DblCmpLe.o [4]
  .text                ro code  0x00001290   0x1a2  DblMul.o [4]
  .text                ro code  0x00001434   0x256  DblDiv.o [4]
  .text                ro code  0x0000168c    0x2c  DblToI32.o [4]
  .text                ro code  0x000016b8    0x1c  I32ToDbl.o [4]
  .text                ro code  0x000016d4   0x180  DblSub.o [4]
  .text                ro code  0x00001854    0x6c  localeconv.o [3]
  .text                ro code  0x000018c0     0xe  div.o [3]
  .text                ro code  0x000018d0     0x2  I64DivZer.o [5]
  .text                ro code  0x000018d4    0xe8  DblAdd.o [4]
  .text                ro code  0x000019bc     0x2  xtls.o [3]
  .data_init                    0x000019c0   0x94c  <Block>
    Initializer bytes  const    0x000019c0   0x94c  <for .data-1>
  .text                ro code  0x0000230c   0x7b8  Camid.o [1]
  .text                ro code  0x00002ac4    0x2e  I32ToFlt.o [4]
  .text                ro code  0x00002af4    0xd8  FltMul.o [4]
  .text                ro code  0x00002bcc    0x84  FltAdd.o [4]
  .text                ro code  0x00002c50    0x44  FltToS32.o [4]
  .text                ro code  0x00002c94    0xe6  FltSub.o [4]
  .text                ro code  0x00002d7c   0x4fc  MK60_ftm.o [1]
  .text                ro code  0x00003278    0xb0  MK60_port.o [1]
  Veneer               ro code  0x00003328     0x8  - Linker created -
  Veneer               ro code  0x00003330     0x8  - Linker created -
  .text                ro code  0x00003338   0x140  MK60_conf.o [1]
  .text                ro code  0x00003478    0x50  VCAN_LED.o [1]
  .text                ro code  0x000034c8    0x24  printf.o [3]
  .text                ro code  0x000034ec    0x78  MK60_DWT.o [1]
  .text                ro code  0x00003564   0x240  MK60_uart.o [1]
  .text                ro code  0x000037a4    0x9c  VCAN_key.o [1]
  .text                ro code  0x00003840   0x130  MK60_gpio.o [1]
  Veneer               ro code  0x00003970     0x8  - Linker created -
  .text                ro code  0x00003978   0x3b4  MK60_mcg.o [1]
  .text                ro code  0x00003d2c   0x362  VCAN_SCCB.o [1]
  .text                ro code  0x00004090   0x330  main.o [1]
  .text                ro code  0x000043c0   0x208  VCAN_OV7725_Eagle.o [1]
  .text                ro code  0x000045c8    0x50  misc.o [1]
  .text                ro code  0x00004618    0xcc  PID.o [1]
  .text                ro code  0x000046e4    0x7c  MK60_PIT.o [1]
  .text                ro code  0x00004760    0x24  FltCmpLe.o [4]
  .text                ro code  0x00004784    0x24  FltCmpGe.o [4]
  .text                ro code  0x000047a8    0x4e  FltToDbl.o [4]
  .text                ro code  0x000047f8    0x90  DblToFlt.o [4]
  .text                ro code  0x00004888   0x284  MK60_dma.o [1]
  CodeRelocate                  0x00004b0c   0x1b8  <Block>
    Initializer bytes  const    0x00004b0c   0x1b8  <for CodeRelocateRam-1>
  .text                ro code  0x00004cc4   0x124  system_MK60DZ10.o [1]
  .text                ro code  0x00004de8    0x40  MK60_wdog.o [1]
  .text                ro code  0x00004e28    0x40  zero_init3.o [5]
  .rodata              const    0x00004e68    0x3c  MK60_conf.o [1]
  .rodata              const    0x00004ea4    0x34  MK60_flash.o [1]
  .rodata              const    0x00004ed8    0x30  MK60_dma.o [1]
  .rodata              const    0x00004f08    0x30  MK60_ftm.o [1]
  .rodata              const    0x00004f38    0x30  MK60_gpio.o [1]
  .rodata              const    0x00004f68    0x30  MK60_PIT.o [1]
  .rodata              const    0x00004f98    0x30  MK60_uart.o [1]
  .rodata              const    0x00004fc8    0x2c  misc.o [1]
  .text                ro code  0x00004ff4    0x28  data_init.o [5]
  .rodata              const    0x0000501c    0x24  MK60_conf.o [1]
  .iar.init_table      const    0x00005040    0x10  - Linker created -
  .rodata              const    0x00005050    0x20  MK60_conf.o [1]
  .text                ro code  0x00005070    0x1a  cmain.o [5]
  .text                ro code  0x0000508a     0x4  low_level_init.o [3]
  .text                ro code  0x0000508e     0x4  exit.o [3]
  .text                ro code  0x00005094     0xa  cexit.o [5]
  .text                ro code  0x000050a0     0xc  XXexit.o [5]
  .rodata              const    0x000050ac    0x18  VCAN_OV7725_Eagle.o [1]
  .rodata              const    0x000050c4    0x18  VCAN_OV7725_Eagle.o [1]
  .text                ro code  0x000050dc    0x16  xprout.o [3]
  .text                ro code  0x000050f4     0xc  putchar.o [3]
  .rodata              const    0x00005100    0x14  MK60_conf.o [1]
  .rodata              const    0x00005114    0x14  VCAN_OV7725_Eagle.o [1]
  .text                ro code  0x00005128     0xc  cstartup_M.o [5]
  .rodata              const    0x00005134     0x0  zero_init3.o [5]
  Initializer bytes    const    0x00005134    0x88  <for P2 s0>
                              - 0x000051bc  0x4da4

"P2":                                       0x61f0
  .data                         0x1fff0410   0x94c  <Block>
    .data-1                     0x1fff0410   0x94c  <Init block>
      .data            inited   0x1fff0410     0x4  Camid.o [1]
      .data            inited   0x1fff0414     0x4  Camid.o [1]
      .data            inited   0x1fff0418    0xf0  Camid.o [1]
      .data            inited   0x1fff0508   0x708  MK60_conf.o [1]
      .data            inited   0x1fff0c10     0xc  MK60_ftm.o [1]
      .data            inited   0x1fff0c1c    0x14  MK60_gpio.o [1]
      .data            inited   0x1fff0c30    0x44  MK60_mcg.o [1]
      .data            inited   0x1fff0c74     0x4  MK60_mcg.o [1]
      .data            inited   0x1fff0c78    0x14  MK60_port.o [1]
      .data            inited   0x1fff0c8c    0x18  MK60_uart.o [1]
      .data            inited   0x1fff0ca4     0x8  VCAN_key.o [1]
      .data            inited   0x1fff0cac     0x4  VCAN_LED.o [1]
      .data            inited   0x1fff0cb0     0x1  VCAN_OV7725_Eagle.o [1]
      .data            inited   0x1fff0cb4    0x64  VCAN_OV7725_Eagle.o [1]
      .data            inited   0x1fff0d18     0x1  VCAN_OV7725_Eagle.o [1]
      .data            inited   0x1fff0d1c    0x40  xfiles.o [3]
  CodeRelocateRam               0x1fff0d5c   0x1b8  <Block>
    CodeRelocateRam-1           0x1fff0d5c   0x1b8  <Init block>
      Veneer           inited   0x1fff0d5c     0x8  - Linker created -
      .textrw          inited   0x1fff0d64   0x160  MK60_flash.o [1]
      .textrw          inited   0x1fff0ec4    0x50  MK60_mcg.o [1]
  .bss                          0x1fff0f14  0x5664  <Block>
    .bss               zero     0x1fff0f14    0x7c  Camid.o [1]
    .bss               zero     0x1fff0f90    0x7c  Camid.o [1]
    .bss               zero     0x1fff100c    0x7c  Camid.o [1]
    .bss               zero     0x1fff1088     0x4  Camid.o [1]
    .bss               zero     0x1fff108c     0x4  Camid.o [1]
    .bss               zero     0x1fff1090   0x960  main.o [1]
    .bss               zero     0x1fff19f0  0x4b00  main.o [1]
    .bss               zero     0x1fff64f0     0x4  main.o [1]
    .bss               zero     0x1fff64f4     0x4  main.o [1]
    .bss               zero     0x1fff64f8    0x20  PID.o [1]
    .bss               zero     0x1fff6518     0x4  system_MK60DZ10.o [1]
    .bss               zero     0x1fff651c     0x4  system_MK60DZ10.o [1]
    .bss               zero     0x1fff6520     0x4  system_MK60DZ10.o [1]
    .bss               zero     0x1fff6524     0x4  VCAN_OV7725_Eagle.o [1]
    .bss               zero     0x1fff6528    0x50  xfiles.o [3]
  P2 s0                         0x1fff6578    0x88  <Init block>
    __DLIB_PERTHREAD   inited   0x1fff6578    0x88  localeconv.o [3]
                              - 0x1fff6600  0x61f0


*******************************************************************************
*** INIT TABLE
***

          Address     Size
          -------     ----
Zero (__iar_zero_init3)
    1 destination range, total size 0x5664:
          0x1fff0f14  0x5664



*******************************************************************************
*** MODULE SUMMARY
***

    Module                 ro code  rw code  ro data  rw data
    ------                 -------  -------  -------  -------
C:\Users\HK\Desktop\智能车\Prj\IAR\DZ10_Debug\Obj: [1]
    Camid.o                  1 976               248      628
    MK60_DWT.o                 120
    MK60_PIT.o                 124                48
    MK60_conf.o                320             1 948    1 800
    MK60_dma.o                 644                48
    MK60_flash.o                        352      404
    MK60_ftm.o               1 276                60       12
    MK60_gpio.o                304                68       20
    MK60_mcg.o                 948       80      152       72
    MK60_port.o                176                20       20
    MK60_uart.o                576                72       24
    MK60_wdog.o                 64
    PID.o                      204                         32
    VCAN_LED.o                  80                 4        4
    VCAN_OV7725_Eagle.o        520               173      106
    VCAN_SCCB.o                866
    VCAN_key.o                 156                 8        8
    main.o                     816                 2   21 608
    misc.o                      80                44
    startup_MK60DZ10.o           8
    system_MK60DZ10.o          292                         12
    vectors.o                                  1 040
    ---------------------------------------------------------
    Total:                   9 550      432    4 339   24 346

command line: [2]
    ---------------------------------------------------------
    Total:

dl7M_tlf.a: [3]
    div.o                       14
    exit.o                       4
    localeconv.o               108               136      136
    low_level_init.o             4
    printf.o                    36
    putchar.o                   12
    xfiles.o                                      67      144
    xprintflarge_nomb.o      3 062
    xprout.o                    22
    xtls.o                       2
    ---------------------------------------------------------
    Total:                   3 264               203      280

m7M_tl.a: [4]
    DblAdd.o                   232
    DblCmpLe.o                  46
    DblDiv.o                   598
    DblMul.o                   418
    DblSub.o                   384
    DblToFlt.o                 144
    DblToI32.o                  44
    FltAdd.o                   132
    FltCmpGe.o                  36
    FltCmpLe.o                  36
    FltMul.o                   216
    FltSub.o                   230
    FltToDbl.o                  78
    FltToS32.o                  68
    I32ToDbl.o                  28
    I32ToFlt.o                  46
    xdnorm.o                    66
    ---------------------------------------------------------
    Total:                   2 802

rt7M_tl.a: [5]
    ABImemcpy_unaligned.o      118
    I64DivMod.o                238
    I64DivZer.o                  2
    XXexit.o                    12
    cexit.o                     10
    cmain.o                     26
    cstartup_M.o                12
    data_init.o                 40
    memchr.o                    88
    strchr.o                    22
    strlen.o                    54
    zero_init3.o                64
    ---------------------------------------------------------
    Total:                     686

    Gaps                        30                          6
    Linker created              24        8       24
-------------------------------------------------------------
    Grand Total:            16 356      440    4 566   24 632


*******************************************************************************
*** ENTRY LIST
***

Entry                      Address    Size  Type      Object
-----                      -------    ----  ----      ------
.bss$$Base              0x1fff0f14           --   Gb  - Linker created -
.bss$$Limit             0x1fff6578           --   Gb  - Linker created -
.data$$Base             0x1fff0410           --   Gb  - Linker created -
.data$$Limit            0x1fff0d5c           --   Gb  - Linker created -
.data_init$$Base        0x000019c0           --   Gb  - Linker created -
.data_init$$Limit       0x0000230c           --   Gb  - Linker created -
.iar.init_table$$Base   0x00005040           --   Gb  - Linker created -
.iar.init_table$$Limit  0x00005050           --   Gb  - Linker created -
?main                   0x00005071          Code  Gb  cmain.o [5]
ASSERT_FAILED_STR       0x0000501c    0x24  Data  Gb  MK60_conf.o [1]
CodeRelocate$$Base      0x00004b0c           --   Gb  - Linker created -
CodeRelocate$$Limit     0x00004cc4           --   Gb  - Linker created -
CodeRelocateRam$$Base   0x1fff0d5c           --   Gb  - Linker created -
CodeRelocateRam$$Limit  0x1fff0f14           --   Gb  - Linker created -
DMA0_IRQHandler         0x00004279     0x8  Code  Gb  main.o [1]
Error                   0x1fff1088     0x4  Data  Gb  Camid.o [1]
FTMN                    0x1fff0c10     0xc  Data  Gb  MK60_ftm.o [1]
FTM_PWM_Duty            0x00003015    0xf6  Code  Gb  MK60_ftm.o [1]
FTM_PWM_init            0x00002e95   0x180  Code  Gb  MK60_ftm.o [1]
FTM_QUAD_Init           0x0000310b   0x106  Code  Gb  MK60_ftm.o [1]
FTM_QUAD_clean          0x0000323d    0x28  Code  Gb  MK60_ftm.o [1]
FTM_QUAD_get            0x00003211    0x2c  Code  Gb  MK60_ftm.o [1]
FTM_port_mux            0x00002d7d   0x118  Code  Lc  MK60_ftm.o [1]
Fit_Middleline          0x1fff0f14    0x7c  Data  Gb  Camid.o [1]
GPIOX                   0x1fff0c1c    0x14  Data  Gb  MK60_gpio.o [1]
KD                      0x1fff0414     0x4  Data  Gb  Camid.o [1]
KEY_PTxn                0x1fff0ca4     0x8  Data  Gb  VCAN_key.o [1]
KP                      0x1fff0410     0x4  Data  Gb  Camid.o [1]
LED_PTxn                0x1fff0cac     0x4  Data  Gb  VCAN_LED.o [1]
LastError               0x1fff108c     0x4  Data  Gb  Camid.o [1]
Left_Black              0x1fff0f90    0x7c  Data  Gb  Camid.o [1]
LoadInt                 0x00000999    0x6e  Code  Lc  xprintflarge_nomb.o [3]
NVIC_DisableIRQ         0x000043d5    0x14  Code  Lc  VCAN_OV7725_Eagle.o [1]
NVIC_EnableIRQ          0x000043c1    0x14  Code  Lc  VCAN_OV7725_Eagle.o [1]
NVIC_SystemReset        0x00003339    0x1a  Code  Lc  MK60_conf.o [1]
PID_init                0x00004619    0x32  Code  Gb  PID.o [1]
PID_realize             0x00004651    0x80  Code  Gb  PID.o [1]
PIT0_IRQHandler         0x00004281    0xfa  Code  Gb  main.o [1]
PORTA_IRQHandler        0x00004255    0x22  Code  Gb  main.o [1]
PORTX                   0x1fff0c78    0x14  Data  Gb  MK60_port.o [1]
Region$$Table$$Base     0x00005040           --   Gb  - Linker created -
Region$$Table$$Limit    0x00005050           --   Gb  - Linker created -
Reset_Handler           0x00000411          Code  Gb  startup_MK60DZ10.o [1]
Right_Black             0x1fff100c    0x7c  Data  Gb  Camid.o [1]
SCCB_Ack                0x00003e01    0x3c  Code  Lc  VCAN_SCCB.o [1]
SCCB_GPIO_init          0x00003d47    0x28  Code  Gb  VCAN_SCCB.o [1]
SCCB_NoAck              0x00003e3d    0x3c  Code  Lc  VCAN_SCCB.o [1]
SCCB_ReadByte           0x00003fdd    0x2c  Code  Gb  VCAN_SCCB.o [1]
SCCB_ReadByte_one       0x00004009    0x86  Code  Lc  VCAN_SCCB.o [1]
SCCB_ReceiveByte        0x00003f09    0x54  Code  Lc  VCAN_SCCB.o [1]
SCCB_SendByte           0x00003ec5    0x44  Code  Lc  VCAN_SCCB.o [1]
SCCB_Start              0x00003d6f    0x5e  Code  Lc  VCAN_SCCB.o [1]
SCCB_Stop               0x00003dcd    0x34  Code  Lc  VCAN_SCCB.o [1]
SCCB_WaitAck            0x00003e79    0x4c  Code  Lc  VCAN_SCCB.o [1]
SCCB_WriteByte          0x00003f6d    0x28  Code  Gb  VCAN_SCCB.o [1]
SCCB_WriteByte_one      0x00003f95    0x48  Code  Lc  VCAN_SCCB.o [1]
SCCB_delay              0x00003d2d    0x1a  Code  Lc  VCAN_SCCB.o [1]
UARTN                   0x1fff0c8c    0x18  Data  Gb  MK60_uart.o [1]
_GenldLargeNoMb         0x00000d8d   0x238  Code  Lc  xprintflarge_nomb.o [3]
_LdtobLargeNoMb         0x00000b0d   0x27a  Code  Lc  xprintflarge_nomb.o [3]
_LitobLargeNoMb         0x00000a07   0x106  Code  Lc  xprintflarge_nomb.o [3]
_Locale_aeabi_lconv     0x1fff65c8    0x38  Data  Gb  localeconv.o [3]
_Locale_lconv           0x1fff6578    0x50  Data  Gb  localeconv.o [3]
_PrintfLargeNoMb        0x00000419   0x57a  Code  Gb  xprintflarge_nomb.o [3]
_Prout                  0x000050dd    0x16  Code  Gb  xprout.o [3]
_PutcharsLargeNoMb      0x00000fc5    0x2e  Code  Lc  xprintflarge_nomb.o [3]
__BOOT_STACK_ADDRESS {Abs}
                        0x2000fff8           --   Gb  command line/config [2]
__VECTOR_RAM {Abs}      0x1fff0000           --   Gb  command line/config [2]
__VECTOR_TABLE {Abs}    0x00000000           --   Gb  command line/config [2]
__aeabi_cdcmple         0x00001261          Code  Gb  DblCmpLe.o [4]
__aeabi_cfcmple         0x00004761          Code  Gb  FltCmpLe.o [4]
__aeabi_cfrcmple        0x00004785          Code  Gb  FltCmpGe.o [4]
__aeabi_d2f             0x000047f9          Code  Gb  DblToFlt.o [4]
__aeabi_d2uiz           0x0000168d          Code  Gb  DblToI32.o [4]
__aeabi_dadd            0x000018d5          Code  Gb  DblAdd.o [4]
__aeabi_ddiv            0x00001435          Code  Gb  DblDiv.o [4]
__aeabi_dmul            0x00001291          Code  Gb  DblMul.o [4]
__aeabi_dsub            0x000016d5          Code  Gb  DblSub.o [4]
__aeabi_f2d             0x000047a9          Code  Gb  FltToDbl.o [4]
__aeabi_f2iz            0x00002c51          Code  Gb  FltToS32.o [4]
__aeabi_fadd            0x00002bcd          Code  Gb  FltAdd.o [4]
__aeabi_fmul            0x00002af5          Code  Gb  FltMul.o [4]
__aeabi_fsub            0x00002c95          Code  Gb  FltSub.o [4]
__aeabi_i2f             0x00002ac5          Code  Gb  I32ToFlt.o [4]
__aeabi_ldiv0           0x000018d1          Code  Gb  I64DivZer.o [5]
__aeabi_ui2d            0x000016b9          Code  Gb  I32ToDbl.o [4]
__aeabi_uldivmod        0x000010b9          Code  Gb  I64DivMod.o [5]
__cmain                 0x00005071          Code  Gb  cmain.o [5]
__code_start__ {Abs}    0x00000410           --   Gb  command line/config [2]
__exit                  0x000050a1          Code  Gb  XXexit.o [5]
__iar_Dnorm             0x0000121f    0x42  Code  Gb  xdnorm.o [4]
__iar_Locale_lconv_init
                        0x00001855    0x3a  Code  Gb  localeconv.o [3]
__iar_Memchr            0x00001061          Code  Gb  memchr.o [5]
__iar_Stdout            0x1fff0d1c    0x40  Data  Gb  xfiles.o [3]
__iar_Strchr            0x00001011          Code  Gb  strchr.o [5]
__iar_d2uiz             0x00001699          Code  Gb  DblToI32.o [4]
__iar_dadd              0x000018e9          Code  Gb  DblAdd.o [4]
__iar_data_init3        0x00004ff5    0x28  Code  Gb  data_init.o [5]
__iar_dlib_perthread_access
                        0x000019bd     0x2  Code  Gb  xtls.o [3]
__iar_dsub              0x000016e9          Code  Gb  DblSub.o [4]
__iar_dsubStart         0x000016fb          Code  Gb  DblSub.o [4]
__iar_fadd              0x00002bdd          Code  Gb  FltAdd.o [4]
__iar_fsub              0x00002ca5          Code  Gb  FltSub.o [4]
__iar_fsubStart         0x00002cb5          Code  Gb  FltSub.o [4]
__iar_program_start     0x00005129          Code  Gb  cstartup_M.o [5]
__iar_ui2d              0x000016bd          Code  Gb  I32ToDbl.o [4]
__iar_ui2f              0x00002ad9          Code  Gb  I32ToFlt.o [4]
__iar_unaligned___aeabi_memcpy
                        0x000011a9          Code  Gb  ABImemcpy_unaligned.o [5]
__iar_unaligned___aeabi_memcpy4
                        0x000011c9          Code  Gb  ABImemcpy_unaligned.o [5]
__iar_unaligned___aeabi_memcpy8
                        0x000011c9          Code  Gb  ABImemcpy_unaligned.o [5]
__iar_zero_init3        0x00004e29    0x40  Code  Gb  zero_init3.o [5]
__low_level_init        0x0000508b     0x4  Code  Gb  low_level_init.o [3]
__vector_table          0x00000000   0x410  Data  Gb  vectors.o [1]
_call_main              0x0000507d          Code  Gb  cmain.o [5]
_exit                   0x00005095          Code  Gb  cexit.o [5]
_main                   0x00005087          Code  Gb  cmain.o [5]
asas                    0x1fff64f0     0x4  Data  Gb  main.o [1]
assert_failed           0x00003353    0x26  Code  Gb  MK60_conf.o [1]
bus_clk_khz             0x1fff6520     0x4  Data  Gb  system_MK60DZ10.o [1]
common_startup          0x00004d19    0x98  Code  Gb  system_MK60DZ10.o [1]
core_clk_khz            0x1fff6518     0x4  Data  Gb  system_MK60DZ10.o [1]
core_clk_mhz            0x1fff651c     0x4  Data  Gb  system_MK60DZ10.o [1]
default_isr             0x00003427    0x30  Code  Gb  MK60_conf.o [1]
div                     0x000018c1     0xe  Code  Gb  div.o [3]
dma_gpio_input_init     0x00004889    0x5c  Code  Lc  MK60_dma.o [1]
dma_portx2buff_init     0x000048e5   0x1f4  Code  Gb  MK60_dma.o [1]
dwt_delay_ms            0x0000354d    0x18  Code  Gb  MK60_DWT.o [1]
dwt_delay_us            0x000034ed    0x4e  Code  Gb  MK60_DWT.o [1]
exit                    0x0000508f     0x4  Code  Gb  exit.o [3]
flash_cmd               0x1fff0d65    0x20  Code  Gb  MK60_flash.o [1]
flash_erase_sector      0x1fff0dad    0x58  Code  Gb  MK60_flash.o [1]
flash_init              0x1fff0d85    0x28  Code  Gb  MK60_flash.o [1]
flash_write             0x1fff0e05    0x8e  Code  Gb  MK60_flash.o [1]
fputc                   0x00003379    0x14  Code  Gb  MK60_conf.o [1]
get_centerline          0x0000230d   0x6f4  Code  Gb  Camid.o [1]
geterr                  0x0000464b     0x6  Code  Gb  PID.o [1]
gpio_get                0x00003929    0x3e  Code  Gb  MK60_gpio.o [1]
gpio_init               0x00003841    0xae  Code  Gb  MK60_gpio.o [1]
gpio_turn               0x000038ef    0x3a  Code  Gb  MK60_gpio.o [1]
img                     0x1fff19f0  0x4b00  Data  Gb  main.o [1]
img_extract             0x000041c5    0x8e  Code  Gb  main.o [1]
imgbuff                 0x1fff1090   0x960  Data  Gb  main.o [1]
key_check               0x00003811    0x2a  Code  Gb  VCAN_key.o [1]
key_get                 0x000037f7    0x1a  Code  Gb  VCAN_key.o [1]
key_init                0x000037a5    0x52  Code  Gb  VCAN_key.o [1]
led_init                0x00003479    0x3a  Code  Gb  VCAN_LED.o [1]
led_turn                0x000034b3    0x10  Code  Gb  VCAN_LED.o [1]
localeconv              0x0000188f    0x16  Code  Gb  localeconv.o [3]
main                    0x00004091   0x134  Code  Gb  main.o [1]
mcg_cfg                 0x1fff0c30    0x44  Data  Gb  MK60_mcg.o [1]
mcg_div                 0x1fff0c74     0x4  Data  Gb  MK60_mcg.o [1]
mcg_div_count           0x00003979   0x2e6  Code  Gb  MK60_mcg.o [1]
memchr                  0x00001061          Code  Gb  memchr.o [5]
obuf                    0x1fff6528    0x50  Data  Lc  xfiles.o [3]
ov7725_eagle_cfgnum     0x1fff0d18     0x1  Data  Gb  VCAN_OV7725_Eagle.o [1]
ov7725_eagle_dma        0x00004499    0x14  Code  Gb  VCAN_OV7725_Eagle.o [1]
ov7725_eagle_get_img    0x000044ad    0x42  Code  Gb  VCAN_OV7725_Eagle.o [1]
ov7725_eagle_img_buff   0x1fff6524     0x4  Data  Gb  VCAN_OV7725_Eagle.o [1]
ov7725_eagle_img_flag   0x1fff0cb0     0x1  Data  Gb  VCAN_OV7725_Eagle.o [1]
ov7725_eagle_init       0x000043e9    0x18  Code  Gb  VCAN_OV7725_Eagle.o [1]
ov7725_eagle_port_init  0x00004401    0x54  Code  Lc  VCAN_OV7725_Eagle.o [1]
ov7725_eagle_reg        0x1fff0cb4    0x64  Data  Gb  VCAN_OV7725_Eagle.o [1]
ov7725_eagle_reg_init   0x000044ef    0x96  Code  Lc  VCAN_OV7725_Eagle.o [1]
ov7725_eagle_vsync      0x00004455    0x44  Code  Gb  VCAN_OV7725_Eagle.o [1]
pid1                    0x1fff64f8    0x20  Data  Gb  PID.o [1]
pit_init                0x000046e5    0x6c  Code  Gb  MK60_PIT.o [1]
pll_init                0x00003c5f    0xb2  Code  Gb  MK60_mcg.o [1]
port_init               0x00003279    0x44  Code  Gb  MK60_port.o [1]
port_init_NoALT         0x000032bd    0x62  Code  Gb  MK60_port.o [1]
printf                  0x000034c9    0x24  Code  Gb  printf.o [3]
putchar                 0x000050f5     0xc  Code  Gb  putchar.o [3]
s1                      0x1fff64f4     0x4  Data  Gb  main.o [1]
servo_control           0x00002a01    0xa4  Code  Gb  Camid.o [1]
set_sys_dividers        0x1fff0ec5    0x50  Code  Gb  MK60_mcg.o [1]
set_vector_handler      0x000045eb    0x22  Code  Gb  misc.o [1]
start                   0x00004cc5    0x18  Code  Gb  system_MK60DZ10.o [1]
start_check             0x0000338d    0x9a  Code  Gb  MK60_conf.o [1]
strchr                  0x00001011          Code  Gb  strchr.o [5]
strlen                  0x00001029          Code  Gb  strlen.o [5]
sysinit                 0x00004cdd    0x3c  Code  Gb  system_MK60DZ10.o [1]
uart_init               0x00003565   0x20e  Code  Gb  MK60_uart.o [1]
uart_putchar            0x00003773    0x1a  Code  Gb  MK60_uart.o [1]
vector_str              0x1fff0508   0x708  Data  Gb  MK60_conf.o [1]
wdog_disable            0x00004de9    0x16  Code  Gb  MK60_wdog.o [1]
wdog_unlock             0x00004dff    0x20  Code  Lc  MK60_wdog.o [1]
write_vtor              0x000045c9    0x22  Code  Gb  misc.o [1]
xz                      0x1fff0418    0xf0  Data  Gb  Camid.o [1]


[1] = C:\Users\HK\Desktop\智能车\Prj\IAR\DZ10_Debug\Obj
[2] = command line
[3] = dl7M_tlf.a
[4] = m7M_tl.a
[5] = rt7M_tl.a

  16 356 bytes of readonly  code memory
     440 bytes of readwrite code memory
   4 566 bytes of readonly  data memory
  24 632 bytes of readwrite data memory

Errors: none
Warnings: none
