###############################################################################
#
# IAR ELF Linker V7.40.3.8902/W32 for ARM                 14/Dec/2016  21:28:23
# Copyright 2007-2015 IAR Systems AB.
#
#    Output file  =  
#        C:\Users\HK\Desktop\ZNC\Prj\IAR\DZ10_Debug\Exe\vcan_Kinetis.out
#    Map file     =  
#        C:\Users\HK\Desktop\ZNC\Prj\IAR\DZ10_Debug\List\vcan_Kinetis.map
#    Command line =  
#        C:\Users\HK\Desktop\ZNC\Prj\IAR\DZ10_Debug\Obj\Camid.o
#        C:\Users\HK\Desktop\ZNC\Prj\IAR\DZ10_Debug\Obj\main.o
#        C:\Users\HK\Desktop\ZNC\Prj\IAR\DZ10_Debug\Obj\misc.o
#        C:\Users\HK\Desktop\ZNC\Prj\IAR\DZ10_Debug\Obj\MK60_adc.o
#        C:\Users\HK\Desktop\ZNC\Prj\IAR\DZ10_Debug\Obj\MK60_conf.o
#        C:\Users\HK\Desktop\ZNC\Prj\IAR\DZ10_Debug\Obj\MK60_dac.o
#        C:\Users\HK\Desktop\ZNC\Prj\IAR\DZ10_Debug\Obj\MK60_dma.o
#        C:\Users\HK\Desktop\ZNC\Prj\IAR\DZ10_Debug\Obj\MK60_DWT.o
#        C:\Users\HK\Desktop\ZNC\Prj\IAR\DZ10_Debug\Obj\MK60_flash.o
#        C:\Users\HK\Desktop\ZNC\Prj\IAR\DZ10_Debug\Obj\MK60_ftm.o
#        C:\Users\HK\Desktop\ZNC\Prj\IAR\DZ10_Debug\Obj\MK60_gpio.o
#        C:\Users\HK\Desktop\ZNC\Prj\IAR\DZ10_Debug\Obj\MK60_i2c.o
#        C:\Users\HK\Desktop\ZNC\Prj\IAR\DZ10_Debug\Obj\MK60_it.o
#        C:\Users\HK\Desktop\ZNC\Prj\IAR\DZ10_Debug\Obj\MK60_lptmr.o
#        C:\Users\HK\Desktop\ZNC\Prj\IAR\DZ10_Debug\Obj\MK60_mcg.o
#        C:\Users\HK\Desktop\ZNC\Prj\IAR\DZ10_Debug\Obj\MK60_PIT.o
#        C:\Users\HK\Desktop\ZNC\Prj\IAR\DZ10_Debug\Obj\MK60_port.o
#        C:\Users\HK\Desktop\ZNC\Prj\IAR\DZ10_Debug\Obj\MK60_rtc.o
#        C:\Users\HK\Desktop\ZNC\Prj\IAR\DZ10_Debug\Obj\MK60_spi.o
#        C:\Users\HK\Desktop\ZNC\Prj\IAR\DZ10_Debug\Obj\MK60_SysTick.o
#        C:\Users\HK\Desktop\ZNC\Prj\IAR\DZ10_Debug\Obj\MK60_uart.o
#        C:\Users\HK\Desktop\ZNC\Prj\IAR\DZ10_Debug\Obj\MK60_wdog.o
#        C:\Users\HK\Desktop\ZNC\Prj\IAR\DZ10_Debug\Obj\PID.o
#        C:\Users\HK\Desktop\ZNC\Prj\IAR\DZ10_Debug\Obj\startup_MK60DZ10.o
#        C:\Users\HK\Desktop\ZNC\Prj\IAR\DZ10_Debug\Obj\system_MK60DZ10.o
#        C:\Users\HK\Desktop\ZNC\Prj\IAR\DZ10_Debug\Obj\VCAN_key.o
#        C:\Users\HK\Desktop\ZNC\Prj\IAR\DZ10_Debug\Obj\VCAN_LED.o
#        C:\Users\HK\Desktop\ZNC\Prj\IAR\DZ10_Debug\Obj\VCAN_MMA7455.o
#        C:\Users\HK\Desktop\ZNC\Prj\IAR\DZ10_Debug\Obj\VCAN_NRF24L0.o
#        C:\Users\HK\Desktop\ZNC\Prj\IAR\DZ10_Debug\Obj\VCAN_OV7725_Eagle.o
#        C:\Users\HK\Desktop\ZNC\Prj\IAR\DZ10_Debug\Obj\VCAN_RTC_count.o
#        C:\Users\HK\Desktop\ZNC\Prj\IAR\DZ10_Debug\Obj\VCAN_SCCB.o
#        C:\Users\HK\Desktop\ZNC\Prj\IAR\DZ10_Debug\Obj\vectors.o --redirect
#        _Printf=_PrintfLargeNoMb --redirect _Scanf=_ScanfLargeNoMb -o
#        C:\Users\HK\Desktop\ZNC\Prj\IAR\DZ10_Debug\Exe\vcan_Kinetis.out --map
#        C:\Users\HK\Desktop\ZNC\Prj\IAR\DZ10_Debug\List\vcan_Kinetis.map
#        --config "C:\Users\HK\Desktop\ZNC\Prj\IAR\config
#        files\vcan_RAM_K60N512.icf"
#        C:\Users\HK\Desktop\ZNC\Prj\IAR\..\..\Lib\CMSIS\iar_cortexM4l_math.a
#        --entry __iar_program_start --vfe
#
###############################################################################

*******************************************************************************
*** RUNTIME MODEL ATTRIBUTES
***

CppFlavor       = *
__SystemLibrary = DLib


*******************************************************************************
*** PLACEMENT SUMMARY
***

"A1":  place at 0x1fff0000 { ro section .intvec };
"A2":  place at 0x1fff0410 { ro section .noinit };
"P1":  place in [from 0x1fff0000 to 0x20010000] { ro, block CodeRelocate };
"P2":  place in [from 0x1fff0000 to 0x20010000] {
          rw, block CodeRelocateRam, block CSTACK, block HEAP };

  Section              Kind        Address    Size  Object
  -------              ----        -------    ----  ------
"A1":                                        0x410
  .intvec              const    0x1fff0000   0x410  vectors.o [1]
                              - 0x1fff0410   0x410

"A2":                                          0x8
  .noinit              ro code  0x1fff0410     0x8  startup_MK60DZ10.o [1]
                              - 0x1fff0418     0x8

"P1":                                       0x4e04
  .text                ro code  0x1fff0418   0xbf6  xprintflarge_nomb.o [3]
  .rodata              const    0x1fff100e     0x2  main.o [1]
  .text                ro code  0x1fff1010    0x16  strchr.o [5]
  .text                ro code  0x1fff1028    0x36  strlen.o [5]
  .text                ro code  0x1fff1060    0x58  memchr.o [5]
  .text                ro code  0x1fff10b8    0xee  I64DivMod.o [5]
  .text                ro code  0x1fff11a8    0x76  ABImemcpy_unaligned.o [5]
  .text                ro code  0x1fff121e    0x42  xdnorm.o [4]
  .text                ro code  0x1fff1260    0x2e  DblCmpLe.o [4]
  .text                ro code  0x1fff1290   0x1a2  DblMul.o [4]
  .text                ro code  0x1fff1434   0x256  DblDiv.o [4]
  .text                ro code  0x1fff168c    0x2c  DblToI32.o [4]
  .text                ro code  0x1fff16b8    0x1c  I32ToDbl.o [4]
  .text                ro code  0x1fff16d4   0x180  DblSub.o [4]
  .text                ro code  0x1fff1854    0x6c  localeconv.o [3]
  .text                ro code  0x1fff18c0     0xe  div.o [3]
  .text                ro code  0x1fff18d0     0x2  I64DivZer.o [5]
  .text                ro code  0x1fff18d4    0xe8  DblAdd.o [4]
  .text                ro code  0x1fff19bc     0x2  xtls.o [3]
  .data_init                    0x1fff19c0   0x94c  <Block>
    Initializer bytes  const    0x1fff19c0   0x94c  <for .data-1>
  .text                ro code  0x1fff230c   0x890  Camid.o [1]
  .text                ro code  0x1fff2b9c    0x2e  I32ToFlt.o [4]
  .text                ro code  0x1fff2bcc    0xd8  FltMul.o [4]
  .text                ro code  0x1fff2ca4    0x84  FltAdd.o [4]
  .text                ro code  0x1fff2d28    0x44  FltToS32.o [4]
  .text                ro code  0x1fff2d6c    0xe6  FltSub.o [4]
  .text                ro code  0x1fff2e54   0x4fc  MK60_ftm.o [1]
  .text                ro code  0x1fff3350    0xb0  MK60_port.o [1]
  .text                ro code  0x1fff3400   0x140  MK60_conf.o [1]
  .text                ro code  0x1fff3540    0x50  VCAN_LED.o [1]
  .text                ro code  0x1fff3590    0x24  printf.o [3]
  .text                ro code  0x1fff35b4    0x78  MK60_DWT.o [1]
  .text                ro code  0x1fff362c   0x240  MK60_uart.o [1]
  .text                ro code  0x1fff386c    0x9c  VCAN_key.o [1]
  .text                ro code  0x1fff3908   0x130  MK60_gpio.o [1]
  .text                ro code  0x1fff3a38   0x3b4  MK60_mcg.o [1]
  .text                ro code  0x1fff3dec   0x362  VCAN_SCCB.o [1]
  .text                ro code  0x1fff4150   0x2ec  main.o [1]
  .text                ro code  0x1fff443c   0x208  VCAN_OV7725_Eagle.o [1]
  .text                ro code  0x1fff4644    0x50  misc.o [1]
  .text                ro code  0x1fff4694    0xcc  PID.o [1]
  .text                ro code  0x1fff4760    0x7c  MK60_PIT.o [1]
  .text                ro code  0x1fff47dc    0x24  FltCmpLe.o [4]
  .text                ro code  0x1fff4800    0x24  FltCmpGe.o [4]
  .text                ro code  0x1fff4824    0x4e  FltToDbl.o [4]
  .text                ro code  0x1fff4874    0x90  DblToFlt.o [4]
  .text                ro code  0x1fff4904   0x284  MK60_dma.o [1]
  CodeRelocate                  0x1fff4b88   0x1b0  <Block>
    Initializer bytes  const    0x1fff4b88   0x1b0  <for CodeRelocateRam-1>
  .text                ro code  0x1fff4d38   0x124  system_MK60DZ10.o [1]
  .text                ro code  0x1fff4e5c    0x40  MK60_wdog.o [1]
  .text                ro code  0x1fff4e9c    0x40  zero_init3.o [5]
  .rodata              const    0x1fff4edc    0x3c  MK60_conf.o [1]
  .rodata              const    0x1fff4f18    0x30  MK60_flash.o [1]
  .rodata              const    0x1fff4f48    0x30  MK60_gpio.o [1]
  .rodata              const    0x1fff4f78    0x30  MK60_uart.o [1]
  .rodata              const    0x1fff4fa8    0x2c  MK60_dma.o [1]
  .rodata              const    0x1fff4fd4    0x2c  MK60_ftm.o [1]
  .rodata              const    0x1fff5000    0x2c  MK60_PIT.o [1]
  .rodata              const    0x1fff502c    0x28  misc.o [1]
  .text                ro code  0x1fff5054    0x28  data_init.o [5]
  .rodata              const    0x1fff507c    0x24  MK60_conf.o [1]
  .iar.init_table      const    0x1fff50a0    0x10  - Linker created -
  .rodata              const    0x1fff50b0    0x20  MK60_conf.o [1]
  .text                ro code  0x1fff50d0    0x1a  cmain.o [5]
  .text                ro code  0x1fff50ea     0x4  low_level_init.o [3]
  .text                ro code  0x1fff50ee     0x4  exit.o [3]
  .text                ro code  0x1fff50f4     0xa  cexit.o [5]
  .text                ro code  0x1fff5100     0xc  XXexit.o [5]
  .rodata              const    0x1fff510c    0x18  VCAN_OV7725_Eagle.o [1]
  .rodata              const    0x1fff5124    0x18  VCAN_OV7725_Eagle.o [1]
  .text                ro code  0x1fff513c    0x16  xprout.o [3]
  .text                ro code  0x1fff5154     0xc  putchar.o [3]
  .rodata              const    0x1fff5160    0x14  MK60_conf.o [1]
  .rodata              const    0x1fff5174    0x14  VCAN_OV7725_Eagle.o [1]
  .text                ro code  0x1fff5188     0xc  cstartup_M.o [5]
  .rodata              const    0x1fff5194     0x0  zero_init3.o [5]
  Initializer bytes    const    0x1fff5194    0x88  <for P2 s0>
                              - 0x1fff521c  0x4e04

"P2":                                       0x61ec
  .data                         0x1fff521c   0x94c  <Block>
    .data-1                     0x1fff521c   0x94c  <Init block>
      .data            inited   0x1fff521c     0x4  Camid.o [1]
      .data            inited   0x1fff5220     0x4  Camid.o [1]
      .data            inited   0x1fff5224    0xf0  Camid.o [1]
      .data            inited   0x1fff5314   0x708  MK60_conf.o [1]
      .data            inited   0x1fff5a1c     0xc  MK60_ftm.o [1]
      .data            inited   0x1fff5a28    0x14  MK60_gpio.o [1]
      .data            inited   0x1fff5a3c    0x44  MK60_mcg.o [1]
      .data            inited   0x1fff5a80     0x4  MK60_mcg.o [1]
      .data            inited   0x1fff5a84    0x14  MK60_port.o [1]
      .data            inited   0x1fff5a98    0x18  MK60_uart.o [1]
      .data            inited   0x1fff5ab0     0x8  VCAN_key.o [1]
      .data            inited   0x1fff5ab8     0x4  VCAN_LED.o [1]
      .data            inited   0x1fff5abc     0x1  VCAN_OV7725_Eagle.o [1]
      .data            inited   0x1fff5ac0    0x64  VCAN_OV7725_Eagle.o [1]
      .data            inited   0x1fff5b24     0x1  VCAN_OV7725_Eagle.o [1]
      .data            inited   0x1fff5b28    0x40  xfiles.o [3]
  CodeRelocateRam               0x1fff5b68   0x1b0  <Block>
    CodeRelocateRam-1           0x1fff5b68   0x1b0  <Init block>
      .textrw          inited   0x1fff5b68   0x160  MK60_flash.o [1]
      .textrw          inited   0x1fff5cc8    0x50  MK60_mcg.o [1]
  .bss                          0x1fff5d18  0x5668  <Block>
    .bss               zero     0x1fff5d18    0x7c  Camid.o [1]
    .bss               zero     0x1fff5d94    0x7c  Camid.o [1]
    .bss               zero     0x1fff5e10    0x7c  Camid.o [1]
    .bss               zero     0x1fff5e8c     0x4  Camid.o [1]
    .bss               zero     0x1fff5e90     0x4  Camid.o [1]
    .bss               zero     0x1fff5e94   0x960  main.o [1]
    .bss               zero     0x1fff67f4  0x4b00  main.o [1]
    .bss               zero     0x1fffb2f4     0x4  main.o [1]
    .bss               zero     0x1fffb2f8     0x4  main.o [1]
    .bss               zero     0x1fffb2fc    0x20  PID.o [1]
    .bss               zero     0x1fffb31c     0x4  system_MK60DZ10.o [1]
    .bss               zero     0x1fffb320     0x4  system_MK60DZ10.o [1]
    .bss               zero     0x1fffb324     0x4  system_MK60DZ10.o [1]
    .bss               zero     0x1fffb328     0x4  VCAN_OV7725_Eagle.o [1]
    .bss               zero     0x1fffb32c    0x50  xfiles.o [3]
    .bss               zero     0x1fffb37c     0x1  Camid.o [1]
  P2 s0                         0x1fffb380    0x88  <Init block>
    __DLIB_PERTHREAD   inited   0x1fffb380    0x88  localeconv.o [3]
                              - 0x1fffb408  0x61ec


*******************************************************************************
*** INIT TABLE
***

          Address     Size
          -------     ----
Zero (__iar_zero_init3)
    1 destination range, total size 0x5665:
          0x1fff5d18  0x5665



*******************************************************************************
*** MODULE SUMMARY
***

    Module                 ro code  rw code  ro data  rw data
    ------                 -------  -------  -------  -------
C:\Users\HK\Desktop\ZNC\Prj\IAR\DZ10_Debug\Obj: [1]
    Camid.o                  2 192               248      629
    MK60_DWT.o                 120
    MK60_PIT.o                 124                44
    MK60_conf.o                320             1 948    1 800
    MK60_dma.o                 644                44
    MK60_flash.o                        352      400
    MK60_ftm.o               1 276                56       12
    MK60_gpio.o                304                68       20
    MK60_mcg.o                 948       80      152       72
    MK60_port.o                176                20       20
    MK60_uart.o                576                72       24
    MK60_wdog.o                 64
    PID.o                      204                         32
    VCAN_LED.o                  80                 4        4
    VCAN_OV7725_Eagle.o        520               173      106
    VCAN_SCCB.o                866
    VCAN_key.o                 156                 8        8
    main.o                     748                 2   21 608
    misc.o                      80                40
    startup_MK60DZ10.o           8
    system_MK60DZ10.o          292                         12
    vectors.o                                  1 040
    ---------------------------------------------------------
    Total:                   9 698      432    4 319   24 347

command line: [2]
    ---------------------------------------------------------
    Total:

dl7M_tlf.a: [3]
    div.o                       14
    exit.o                       4
    localeconv.o               108               136      136
    low_level_init.o             4
    printf.o                    36
    putchar.o                   12
    xfiles.o                                      67      144
    xprintflarge_nomb.o      3 062
    xprout.o                    22
    xtls.o                       2
    ---------------------------------------------------------
    Total:                   3 264               203      280

m7M_tl.a: [4]
    DblAdd.o                   232
    DblCmpLe.o                  46
    DblDiv.o                   598
    DblMul.o                   418
    DblSub.o                   384
    DblToFlt.o                 144
    DblToI32.o                  44
    FltAdd.o                   132
    FltCmpGe.o                  36
    FltCmpLe.o                  36
    FltMul.o                   216
    FltSub.o                   230
    FltToDbl.o                  78
    FltToS32.o                  68
    I32ToDbl.o                  28
    I32ToFlt.o                  46
    xdnorm.o                    66
    ---------------------------------------------------------
    Total:                   2 802

rt7M_tl.a: [5]
    ABImemcpy_unaligned.o      118
    I64DivMod.o                238
    I64DivZer.o                  2
    XXexit.o                    12
    cexit.o                     10
    cmain.o                     26
    cstartup_M.o                12
    data_init.o                 40
    memchr.o                    88
    strchr.o                    22
    strlen.o                    54
    zero_init3.o                64
    ---------------------------------------------------------
    Total:                     686

    Gaps                        30                          6
    Linker created                                16
-------------------------------------------------------------
    Grand Total:            16 480      432    4 538   24 633


*******************************************************************************
*** ENTRY LIST
***

Entry                      Address    Size  Type      Object
-----                      -------    ----  ----      ------
.bss$$Base              0x1fff5d18           --   Gb  - Linker created -
.bss$$Limit             0x1fffb380           --   Gb  - Linker created -
.data$$Base             0x1fff521c           --   Gb  - Linker created -
.data$$Limit            0x1fff5b68           --   Gb  - Linker created -
.data_init$$Base        0x1fff19c0           --   Gb  - Linker created -
.data_init$$Limit       0x1fff230c           --   Gb  - Linker created -
.iar.init_table$$Base   0x1fff50a0           --   Gb  - Linker created -
.iar.init_table$$Limit  0x1fff50b0           --   Gb  - Linker created -
?main                   0x1fff50d1          Code  Gb  cmain.o [5]
ASSERT_FAILED_STR       0x1fff507c    0x24  Data  Gb  MK60_conf.o [1]
CodeRelocate$$Base      0x1fff4b88           --   Gb  - Linker created -
CodeRelocate$$Limit     0x1fff4d38           --   Gb  - Linker created -
CodeRelocateRam$$Base   0x1fff5b68           --   Gb  - Linker created -
CodeRelocateRam$$Limit  0x1fff5d18           --   Gb  - Linker created -
DMA0_IRQHandler         0x1fff42f5     0x8  Code  Gb  main.o [1]
Error                   0x1fff5e8c     0x4  Data  Gb  Camid.o [1]
FTMN                    0x1fff5a1c     0xc  Data  Gb  MK60_ftm.o [1]
FTM_PWM_Duty            0x1fff30ed    0xf6  Code  Gb  MK60_ftm.o [1]
FTM_PWM_init            0x1fff2f6d   0x180  Code  Gb  MK60_ftm.o [1]
FTM_QUAD_Init           0x1fff31e3   0x106  Code  Gb  MK60_ftm.o [1]
FTM_QUAD_clean          0x1fff3315    0x28  Code  Gb  MK60_ftm.o [1]
FTM_QUAD_get            0x1fff32e9    0x2c  Code  Gb  MK60_ftm.o [1]
FTM_port_mux            0x1fff2e55   0x118  Code  Lc  MK60_ftm.o [1]
Fit_Middleline          0x1fff5d18    0x7c  Data  Gb  Camid.o [1]
GPIOX                   0x1fff5a28    0x14  Data  Gb  MK60_gpio.o [1]
KD                      0x1fff5220     0x4  Data  Gb  Camid.o [1]
KEY_PTxn                0x1fff5ab0     0x8  Data  Gb  VCAN_key.o [1]
KP                      0x1fff521c     0x4  Data  Gb  Camid.o [1]
LED_PTxn                0x1fff5ab8     0x4  Data  Gb  VCAN_LED.o [1]
LastError               0x1fff5e90     0x4  Data  Gb  Camid.o [1]
Left_Black              0x1fff5d94    0x7c  Data  Gb  Camid.o [1]
LoadInt                 0x1fff0999    0x6e  Code  Lc  xprintflarge_nomb.o [3]
NVIC_DisableIRQ         0x1fff4451    0x14  Code  Lc  VCAN_OV7725_Eagle.o [1]
NVIC_EnableIRQ          0x1fff443d    0x14  Code  Lc  VCAN_OV7725_Eagle.o [1]
NVIC_SystemReset        0x1fff3401    0x1a  Code  Lc  MK60_conf.o [1]
PID_init                0x1fff4695    0x32  Code  Gb  PID.o [1]
PID_realize             0x1fff46cd    0x80  Code  Gb  PID.o [1]
PIT0_IRQHandler         0x1fff42fd    0xfa  Code  Gb  main.o [1]
PORTA_IRQHandler        0x1fff42d1    0x22  Code  Gb  main.o [1]
PORTX                   0x1fff5a84    0x14  Data  Gb  MK60_port.o [1]
Region$$Table$$Base     0x1fff50a0           --   Gb  - Linker created -
Region$$Table$$Limit    0x1fff50b0           --   Gb  - Linker created -
Reset_Handler           0x1fff0411          Code  Gb  startup_MK60DZ10.o [1]
Right_Black             0x1fff5e10    0x7c  Data  Gb  Camid.o [1]
SCCB_Ack                0x1fff3ec1    0x3c  Code  Lc  VCAN_SCCB.o [1]
SCCB_GPIO_init          0x1fff3e07    0x28  Code  Gb  VCAN_SCCB.o [1]
SCCB_NoAck              0x1fff3efd    0x3c  Code  Lc  VCAN_SCCB.o [1]
SCCB_ReadByte           0x1fff409d    0x2c  Code  Gb  VCAN_SCCB.o [1]
SCCB_ReadByte_one       0x1fff40c9    0x86  Code  Lc  VCAN_SCCB.o [1]
SCCB_ReceiveByte        0x1fff3fc9    0x54  Code  Lc  VCAN_SCCB.o [1]
SCCB_SendByte           0x1fff3f85    0x44  Code  Lc  VCAN_SCCB.o [1]
SCCB_Start              0x1fff3e2f    0x5e  Code  Lc  VCAN_SCCB.o [1]
SCCB_Stop               0x1fff3e8d    0x34  Code  Lc  VCAN_SCCB.o [1]
SCCB_WaitAck            0x1fff3f39    0x4c  Code  Lc  VCAN_SCCB.o [1]
SCCB_WriteByte          0x1fff402d    0x28  Code  Gb  VCAN_SCCB.o [1]
SCCB_WriteByte_one      0x1fff4055    0x48  Code  Lc  VCAN_SCCB.o [1]
SCCB_delay              0x1fff3ded    0x1a  Code  Lc  VCAN_SCCB.o [1]
UARTN                   0x1fff5a98    0x18  Data  Gb  MK60_uart.o [1]
_GenldLargeNoMb         0x1fff0d8d   0x238  Code  Lc  xprintflarge_nomb.o [3]
_LdtobLargeNoMb         0x1fff0b0d   0x27a  Code  Lc  xprintflarge_nomb.o [3]
_LitobLargeNoMb         0x1fff0a07   0x106  Code  Lc  xprintflarge_nomb.o [3]
_Locale_aeabi_lconv     0x1fffb3d0    0x38  Data  Gb  localeconv.o [3]
_Locale_lconv           0x1fffb380    0x50  Data  Gb  localeconv.o [3]
_PrintfLargeNoMb        0x1fff0419   0x57a  Code  Gb  xprintflarge_nomb.o [3]
_Prout                  0x1fff513d    0x16  Code  Gb  xprout.o [3]
_PutcharsLargeNoMb      0x1fff0fc5    0x2e  Code  Lc  xprintflarge_nomb.o [3]
__BOOT_STACK_ADDRESS {Abs}
                        0x2000fff8           --   Gb  command line/config [2]
__VECTOR_RAM {Abs}      0x1fff0000           --   Gb  command line/config [2]
__VECTOR_TABLE {Abs}    0x1fff0000           --   Gb  command line/config [2]
__aeabi_cdcmple         0x1fff1261          Code  Gb  DblCmpLe.o [4]
__aeabi_cfcmple         0x1fff47dd          Code  Gb  FltCmpLe.o [4]
__aeabi_cfrcmple        0x1fff4801          Code  Gb  FltCmpGe.o [4]
__aeabi_d2f             0x1fff4875          Code  Gb  DblToFlt.o [4]
__aeabi_d2uiz           0x1fff168d          Code  Gb  DblToI32.o [4]
__aeabi_dadd            0x1fff18d5          Code  Gb  DblAdd.o [4]
__aeabi_ddiv            0x1fff1435          Code  Gb  DblDiv.o [4]
__aeabi_dmul            0x1fff1291          Code  Gb  DblMul.o [4]
__aeabi_dsub            0x1fff16d5          Code  Gb  DblSub.o [4]
__aeabi_f2d             0x1fff4825          Code  Gb  FltToDbl.o [4]
__aeabi_f2iz            0x1fff2d29          Code  Gb  FltToS32.o [4]
__aeabi_fadd            0x1fff2ca5          Code  Gb  FltAdd.o [4]
__aeabi_fmul            0x1fff2bcd          Code  Gb  FltMul.o [4]
__aeabi_fsub            0x1fff2d6d          Code  Gb  FltSub.o [4]
__aeabi_i2f             0x1fff2b9d          Code  Gb  I32ToFlt.o [4]
__aeabi_ldiv0           0x1fff18d1          Code  Gb  I64DivZer.o [5]
__aeabi_ui2d            0x1fff16b9          Code  Gb  I32ToDbl.o [4]
__aeabi_uldivmod        0x1fff10b9          Code  Gb  I64DivMod.o [5]
__cmain                 0x1fff50d1          Code  Gb  cmain.o [5]
__code_start__ {Abs}    0x1fff0410           --   Gb  command line/config [2]
__exit                  0x1fff5101          Code  Gb  XXexit.o [5]
__iar_Dnorm             0x1fff121f    0x42  Code  Gb  xdnorm.o [4]
__iar_Locale_lconv_init
                        0x1fff1855    0x3a  Code  Gb  localeconv.o [3]
__iar_Memchr            0x1fff1061          Code  Gb  memchr.o [5]
__iar_Stdout            0x1fff5b28    0x40  Data  Gb  xfiles.o [3]
__iar_Strchr            0x1fff1011          Code  Gb  strchr.o [5]
__iar_d2uiz             0x1fff1699          Code  Gb  DblToI32.o [4]
__iar_dadd              0x1fff18e9          Code  Gb  DblAdd.o [4]
__iar_data_init3        0x1fff5055    0x28  Code  Gb  data_init.o [5]
__iar_dlib_perthread_access
                        0x1fff19bd     0x2  Code  Gb  xtls.o [3]
__iar_dsub              0x1fff16e9          Code  Gb  DblSub.o [4]
__iar_dsubStart         0x1fff16fb          Code  Gb  DblSub.o [4]
__iar_fadd              0x1fff2cb5          Code  Gb  FltAdd.o [4]
__iar_fsub              0x1fff2d7d          Code  Gb  FltSub.o [4]
__iar_fsubStart         0x1fff2d8d          Code  Gb  FltSub.o [4]
__iar_program_start     0x1fff5189          Code  Gb  cstartup_M.o [5]
__iar_ui2d              0x1fff16bd          Code  Gb  I32ToDbl.o [4]
__iar_ui2f              0x1fff2bb1          Code  Gb  I32ToFlt.o [4]
__iar_unaligned___aeabi_memcpy
                        0x1fff11a9          Code  Gb  ABImemcpy_unaligned.o [5]
__iar_unaligned___aeabi_memcpy4
                        0x1fff11c9          Code  Gb  ABImemcpy_unaligned.o [5]
__iar_unaligned___aeabi_memcpy8
                        0x1fff11c9          Code  Gb  ABImemcpy_unaligned.o [5]
__iar_zero_init3        0x1fff4e9d    0x40  Code  Gb  zero_init3.o [5]
__low_level_init        0x1fff50eb     0x4  Code  Gb  low_level_init.o [3]
__vector_table          0x1fff0000   0x410  Data  Gb  vectors.o [1]
_call_main              0x1fff50dd          Code  Gb  cmain.o [5]
_exit                   0x1fff50f5          Code  Gb  cexit.o [5]
_main                   0x1fff50e7          Code  Gb  cmain.o [5]
asas                    0x1fffb2f4     0x4  Data  Gb  main.o [1]
assert_failed           0x1fff341b    0x26  Code  Gb  MK60_conf.o [1]
bus_clk_khz             0x1fffb324     0x4  Data  Gb  system_MK60DZ10.o [1]
common_startup          0x1fff4d8d    0x98  Code  Gb  system_MK60DZ10.o [1]
core_clk_khz            0x1fffb31c     0x4  Data  Gb  system_MK60DZ10.o [1]
core_clk_mhz            0x1fffb320     0x4  Data  Gb  system_MK60DZ10.o [1]
default_isr             0x1fff34ef    0x30  Code  Gb  MK60_conf.o [1]
div                     0x1fff18c1     0xe  Code  Gb  div.o [3]
dma_gpio_input_init     0x1fff4905    0x5c  Code  Lc  MK60_dma.o [1]
dma_portx2buff_init     0x1fff4961   0x1f4  Code  Gb  MK60_dma.o [1]
dwt_delay_ms            0x1fff3615    0x18  Code  Gb  MK60_DWT.o [1]
dwt_delay_us            0x1fff35b5    0x4e  Code  Gb  MK60_DWT.o [1]
exit                    0x1fff50ef     0x4  Code  Gb  exit.o [3]
flash_cmd               0x1fff5b69    0x20  Code  Gb  MK60_flash.o [1]
flash_erase_sector      0x1fff5bb1    0x58  Code  Gb  MK60_flash.o [1]
flash_init              0x1fff5b89    0x28  Code  Gb  MK60_flash.o [1]
flash_write             0x1fff5c09    0x8e  Code  Gb  MK60_flash.o [1]
fputc                   0x1fff3441    0x14  Code  Gb  MK60_conf.o [1]
get_centerline          0x1fff230d   0x7bc  Code  Gb  Camid.o [1]
geterr                  0x1fff46c7     0x6  Code  Gb  PID.o [1]
gpio_get                0x1fff39f1    0x3e  Code  Gb  MK60_gpio.o [1]
gpio_init               0x1fff3909    0xae  Code  Gb  MK60_gpio.o [1]
gpio_turn               0x1fff39b7    0x3a  Code  Gb  MK60_gpio.o [1]
img                     0x1fff67f4  0x4b00  Data  Gb  main.o [1]
img_extract             0x1fff4243    0x8e  Code  Gb  main.o [1]
imgbuff                 0x1fff5e94   0x960  Data  Gb  main.o [1]
key_check               0x1fff38d9    0x2a  Code  Gb  VCAN_key.o [1]
key_get                 0x1fff38bf    0x1a  Code  Gb  VCAN_key.o [1]
key_init                0x1fff386d    0x52  Code  Gb  VCAN_key.o [1]
led_init                0x1fff3541    0x3a  Code  Gb  VCAN_LED.o [1]
led_turn                0x1fff357b    0x10  Code  Gb  VCAN_LED.o [1]
localeconv              0x1fff188f    0x16  Code  Gb  localeconv.o [3]
main                    0x1fff4151    0xf2  Code  Gb  main.o [1]
mcg_cfg                 0x1fff5a3c    0x44  Data  Gb  MK60_mcg.o [1]
mcg_div                 0x1fff5a80     0x4  Data  Gb  MK60_mcg.o [1]
mcg_div_count           0x1fff3a39   0x2e6  Code  Gb  MK60_mcg.o [1]
memchr                  0x1fff1061          Code  Gb  memchr.o [5]
obuf                    0x1fffb32c    0x50  Data  Lc  xfiles.o [3]
ov7725_eagle_cfgnum     0x1fff5b24     0x1  Data  Gb  VCAN_OV7725_Eagle.o [1]
ov7725_eagle_dma        0x1fff4515    0x14  Code  Gb  VCAN_OV7725_Eagle.o [1]
ov7725_eagle_get_img    0x1fff4529    0x42  Code  Gb  VCAN_OV7725_Eagle.o [1]
ov7725_eagle_img_buff   0x1fffb328     0x4  Data  Gb  VCAN_OV7725_Eagle.o [1]
ov7725_eagle_img_flag   0x1fff5abc     0x1  Data  Gb  VCAN_OV7725_Eagle.o [1]
ov7725_eagle_init       0x1fff4465    0x18  Code  Gb  VCAN_OV7725_Eagle.o [1]
ov7725_eagle_port_init  0x1fff447d    0x54  Code  Lc  VCAN_OV7725_Eagle.o [1]
ov7725_eagle_reg        0x1fff5ac0    0x64  Data  Gb  VCAN_OV7725_Eagle.o [1]
ov7725_eagle_reg_init   0x1fff456b    0x96  Code  Lc  VCAN_OV7725_Eagle.o [1]
ov7725_eagle_vsync      0x1fff44d1    0x44  Code  Gb  VCAN_OV7725_Eagle.o [1]
pid1                    0x1fffb2fc    0x20  Data  Gb  PID.o [1]
pit_init                0x1fff4761    0x6c  Code  Gb  MK60_PIT.o [1]
pll_init                0x1fff3d1f    0xb2  Code  Gb  MK60_mcg.o [1]
plotmid                 0x1fffb37c     0x1  Data  Gb  Camid.o [1]
port_init               0x1fff3351    0x44  Code  Gb  MK60_port.o [1]
port_init_NoALT         0x1fff3395    0x62  Code  Gb  MK60_port.o [1]
printf                  0x1fff3591    0x24  Code  Gb  printf.o [3]
putchar                 0x1fff5155     0xc  Code  Gb  putchar.o [3]
s1                      0x1fffb2f8     0x4  Data  Gb  main.o [1]
servo_control           0x1fff2ac9    0xae  Code  Gb  Camid.o [1]
set_sys_dividers        0x1fff5cc9    0x50  Code  Gb  MK60_mcg.o [1]
set_vector_handler      0x1fff4667    0x22  Code  Gb  misc.o [1]
start                   0x1fff4d39    0x18  Code  Gb  system_MK60DZ10.o [1]
start_check             0x1fff3455    0x9a  Code  Gb  MK60_conf.o [1]
strchr                  0x1fff1011          Code  Gb  strchr.o [5]
strlen                  0x1fff1029          Code  Gb  strlen.o [5]
sysinit                 0x1fff4d51    0x3c  Code  Gb  system_MK60DZ10.o [1]
uart_init               0x1fff362d   0x20e  Code  Gb  MK60_uart.o [1]
uart_putchar            0x1fff383b    0x1a  Code  Gb  MK60_uart.o [1]
vector_str              0x1fff5314   0x708  Data  Gb  MK60_conf.o [1]
wdog_disable            0x1fff4e5d    0x16  Code  Gb  MK60_wdog.o [1]
wdog_unlock             0x1fff4e73    0x20  Code  Lc  MK60_wdog.o [1]
write_vtor              0x1fff4645    0x22  Code  Gb  misc.o [1]
xz                      0x1fff5224    0xf0  Data  Gb  Camid.o [1]


[1] = C:\Users\HK\Desktop\ZNC\Prj\IAR\DZ10_Debug\Obj
[2] = command line
[3] = dl7M_tlf.a
[4] = m7M_tl.a
[5] = rt7M_tl.a

  16 480 bytes of readonly  code memory
     432 bytes of readwrite code memory
   4 538 bytes of readonly  data memory
  24 633 bytes of readwrite data memory

Errors: none
Warnings: none
