###############################################################################
#
# IAR ELF Linker V7.40.3.8902/W32 for ARM                 20/Nov/2016  22:55:17
# Copyright 2007-2015 IAR Systems AB.
#
#    Output file  =  
#        C:\Users\HK\Desktop\DMA_”•—€…„œÒÕ∑OV7725¥Æø⁄œ‘ æ\Prj\IAR\DZ10_Debug\Exe\vcan_Kinetis.out
#    Map file     =  
#        C:\Users\HK\Desktop\DMA_”•—€…„œÒÕ∑OV7725¥Æø⁄œ‘ æ\Prj\IAR\DZ10_Debug\List\vcan_Kinetis.map
#    Command line =  
#        C:\Users\HK\Desktop\DMA_”•—€…„œÒÕ∑OV7725¥Æø⁄œ‘ æ\Prj\IAR\DZ10_Debug\Obj\main.o
#        C:\Users\HK\Desktop\DMA_”•—€…„œÒÕ∑OV7725¥Æø⁄œ‘ æ\Prj\IAR\DZ10_Debug\Obj\misc.o
#        C:\Users\HK\Desktop\DMA_”•—€…„œÒÕ∑OV7725¥Æø⁄œ‘ æ\Prj\IAR\DZ10_Debug\Obj\MK60_adc.o
#        C:\Users\HK\Desktop\DMA_”•—€…„œÒÕ∑OV7725¥Æø⁄œ‘ æ\Prj\IAR\DZ10_Debug\Obj\MK60_conf.o
#        C:\Users\HK\Desktop\DMA_”•—€…„œÒÕ∑OV7725¥Æø⁄œ‘ æ\Prj\IAR\DZ10_Debug\Obj\MK60_dac.o
#        C:\Users\HK\Desktop\DMA_”•—€…„œÒÕ∑OV7725¥Æø⁄œ‘ æ\Prj\IAR\DZ10_Debug\Obj\MK60_dma.o
#        C:\Users\HK\Desktop\DMA_”•—€…„œÒÕ∑OV7725¥Æø⁄œ‘ æ\Prj\IAR\DZ10_Debug\Obj\MK60_DWT.o
#        C:\Users\HK\Desktop\DMA_”•—€…„œÒÕ∑OV7725¥Æø⁄œ‘ æ\Prj\IAR\DZ10_Debug\Obj\MK60_flash.o
#        C:\Users\HK\Desktop\DMA_”•—€…„œÒÕ∑OV7725¥Æø⁄œ‘ æ\Prj\IAR\DZ10_Debug\Obj\MK60_ftm.o
#        C:\Users\HK\Desktop\DMA_”•—€…„œÒÕ∑OV7725¥Æø⁄œ‘ æ\Prj\IAR\DZ10_Debug\Obj\MK60_gpio.o
#        C:\Users\HK\Desktop\DMA_”•—€…„œÒÕ∑OV7725¥Æø⁄œ‘ æ\Prj\IAR\DZ10_Debug\Obj\MK60_i2c.o
#        C:\Users\HK\Desktop\DMA_”•—€…„œÒÕ∑OV7725¥Æø⁄œ‘ æ\Prj\IAR\DZ10_Debug\Obj\MK60_it.o
#        C:\Users\HK\Desktop\DMA_”•—€…„œÒÕ∑OV7725¥Æø⁄œ‘ æ\Prj\IAR\DZ10_Debug\Obj\MK60_lptmr.o
#        C:\Users\HK\Desktop\DMA_”•—€…„œÒÕ∑OV7725¥Æø⁄œ‘ æ\Prj\IAR\DZ10_Debug\Obj\MK60_mcg.o
#        C:\Users\HK\Desktop\DMA_”•—€…„œÒÕ∑OV7725¥Æø⁄œ‘ æ\Prj\IAR\DZ10_Debug\Obj\MK60_PIT.o
#        C:\Users\HK\Desktop\DMA_”•—€…„œÒÕ∑OV7725¥Æø⁄œ‘ æ\Prj\IAR\DZ10_Debug\Obj\MK60_port.o
#        C:\Users\HK\Desktop\DMA_”•—€…„œÒÕ∑OV7725¥Æø⁄œ‘ æ\Prj\IAR\DZ10_Debug\Obj\MK60_rtc.o
#        C:\Users\HK\Desktop\DMA_”•—€…„œÒÕ∑OV7725¥Æø⁄œ‘ æ\Prj\IAR\DZ10_Debug\Obj\MK60_spi.o
#        C:\Users\HK\Desktop\DMA_”•—€…„œÒÕ∑OV7725¥Æø⁄œ‘ æ\Prj\IAR\DZ10_Debug\Obj\MK60_SysTick.o
#        C:\Users\HK\Desktop\DMA_”•—€…„œÒÕ∑OV7725¥Æø⁄œ‘ æ\Prj\IAR\DZ10_Debug\Obj\MK60_uart.o
#        C:\Users\HK\Desktop\DMA_”•—€…„œÒÕ∑OV7725¥Æø⁄œ‘ æ\Prj\IAR\DZ10_Debug\Obj\MK60_wdog.o
#        C:\Users\HK\Desktop\DMA_”•—€…„œÒÕ∑OV7725¥Æø⁄œ‘ æ\Prj\IAR\DZ10_Debug\Obj\PID.o
#        C:\Users\HK\Desktop\DMA_”•—€…„œÒÕ∑OV7725¥Æø⁄œ‘ æ\Prj\IAR\DZ10_Debug\Obj\startup_MK60DZ10.o
#        C:\Users\HK\Desktop\DMA_”•—€…„œÒÕ∑OV7725¥Æø⁄œ‘ æ\Prj\IAR\DZ10_Debug\Obj\system_MK60DZ10.o
#        C:\Users\HK\Desktop\DMA_”•—€…„œÒÕ∑OV7725¥Æø⁄œ‘ æ\Prj\IAR\DZ10_Debug\Obj\VCAN_key.o
#        C:\Users\HK\Desktop\DMA_”•—€…„œÒÕ∑OV7725¥Æø⁄œ‘ æ\Prj\IAR\DZ10_Debug\Obj\VCAN_LED.o
#        C:\Users\HK\Desktop\DMA_”•—€…„œÒÕ∑OV7725¥Æø⁄œ‘ æ\Prj\IAR\DZ10_Debug\Obj\VCAN_MMA7455.o
#        C:\Users\HK\Desktop\DMA_”•—€…„œÒÕ∑OV7725¥Æø⁄œ‘ æ\Prj\IAR\DZ10_Debug\Obj\VCAN_NRF24L0.o
#        C:\Users\HK\Desktop\DMA_”•—€…„œÒÕ∑OV7725¥Æø⁄œ‘ æ\Prj\IAR\DZ10_Debug\Obj\VCAN_OV7725_Eagle.o
#        C:\Users\HK\Desktop\DMA_”•—€…„œÒÕ∑OV7725¥Æø⁄œ‘ æ\Prj\IAR\DZ10_Debug\Obj\VCAN_RTC_count.o
#        C:\Users\HK\Desktop\DMA_”•—€…„œÒÕ∑OV7725¥Æø⁄œ‘ æ\Prj\IAR\DZ10_Debug\Obj\VCAN_SCCB.o
#        C:\Users\HK\Desktop\DMA_”•—€…„œÒÕ∑OV7725¥Æø⁄œ‘ æ\Prj\IAR\DZ10_Debug\Obj\vectors.o
#        --redirect _Printf=_PrintfLargeNoMb --redirect _Scanf=_ScanfLargeNoMb
#        -o
#        C:\Users\HK\Desktop\DMA_”•—€…„œÒÕ∑OV7725¥Æø⁄œ‘ æ\Prj\IAR\DZ10_Debug\Exe\vcan_Kinetis.out
#        --map
#        C:\Users\HK\Desktop\DMA_”•—€…„œÒÕ∑OV7725¥Æø⁄œ‘ æ\Prj\IAR\DZ10_Debug\List\vcan_Kinetis.map
#        --config
#        "C:\Users\HK\Desktop\DMA_”•—€…„œÒÕ∑OV7725¥Æø⁄œ‘ æ\Prj\IAR\config
#        files\vcan_RAM_K60N512.icf"
#        C:\Users\HK\Desktop\DMA_”•—€…„œÒÕ∑OV7725¥Æø⁄œ‘ æ\Prj\IAR\..\..\Lib\CMSIS\iar_cortexM4l_math.a
#        --entry __iar_program_start --vfe
#
###############################################################################

*******************************************************************************
*** RUNTIME MODEL ATTRIBUTES
***

CppFlavor       = *
__SystemLibrary = DLib


*******************************************************************************
*** PLACEMENT SUMMARY
***

"A1":  place at 0x1fff0000 { ro section .intvec };
"A2":  place at 0x1fff0410 { ro section .noinit };
"P1":  place in [from 0x1fff0000 to 0x20010000] { ro, block CodeRelocate };
"P2":  place in [from 0x1fff0000 to 0x20010000] {
          rw, block CodeRelocateRam, block CSTACK, block HEAP };

  Section              Kind        Address    Size  Object
  -------              ----        -------    ----  ------
"A1":                                        0x410
  .intvec              const    0x1fff0000   0x410  vectors.o [1]
                              - 0x1fff0410   0x410

"A2":                                          0x8
  .noinit              ro code  0x1fff0410     0x8  startup_MK60DZ10.o [1]
                              - 0x1fff0418     0x8

"P1":                                       0x44b8
  .text                ro code  0x1fff0418   0xbf6  xprintflarge_nomb.o [3]
  .text                ro code  0x1fff100e     0xa  xsprout.o [3]
  .text                ro code  0x1fff1018    0x16  strchr.o [5]
  .text                ro code  0x1fff1030    0x36  strlen.o [5]
  .text                ro code  0x1fff1068    0x58  memchr.o [5]
  .text                ro code  0x1fff10c0    0xee  I64DivMod.o [5]
  .text                ro code  0x1fff11b0    0x76  ABImemcpy_unaligned.o [5]
  .text                ro code  0x1fff1226    0x42  xdnorm.o [4]
  .text                ro code  0x1fff1268    0x2e  DblCmpLe.o [4]
  .text                ro code  0x1fff1298   0x1a2  DblMul.o [4]
  .text                ro code  0x1fff143c   0x256  DblDiv.o [4]
  .text                ro code  0x1fff1694    0x2c  DblToI32.o [4]
  .text                ro code  0x1fff16c0    0x1c  I32ToDbl.o [4]
  .text                ro code  0x1fff16dc   0x180  DblSub.o [4]
  .text                ro code  0x1fff185c    0x6c  localeconv.o [3]
  .text                ro code  0x1fff18c8     0xe  div.o [3]
  .text                ro code  0x1fff18d8     0x2  I64DivZer.o [5]
  .text                ro code  0x1fff18dc    0xd4  DblAdd.o [4]
  .text                ro code  0x1fff19b0     0x2  xtls.o [3]
  .data_init                    0x1fff19b4   0x854  <Block>
    Initializer bytes  const    0x1fff19b4   0x854  <for .data-1>
  .text                ro code  0x1fff2208   0x408  MK60_ftm.o [1]
  .text                ro code  0x1fff2610    0xb0  MK60_port.o [1]
  .text                ro code  0x1fff26c0   0x140  MK60_conf.o [1]
  .text                ro code  0x1fff2800    0x50  VCAN_LED.o [1]
  .text                ro code  0x1fff2850    0x24  printf.o [3]
  .text                ro code  0x1fff2874    0x78  MK60_DWT.o [1]
  .text                ro code  0x1fff28ec   0x260  MK60_uart.o [1]
  .text                ro code  0x1fff2b4c    0x9c  VCAN_key.o [1]
  .text                ro code  0x1fff2be8   0x130  MK60_gpio.o [1]
  .text                ro code  0x1fff2d18   0x3b4  MK60_mcg.o [1]
  .text                ro code  0x1fff30cc   0x362  VCAN_SCCB.o [1]
  .text                ro code  0x1fff3430   0x284  MK60_dma.o [1]
  .text                ro code  0x1fff36b4   0x264  main.o [1]
  .text                ro code  0x1fff3918   0x1c4  VCAN_OV7725_Eagle.o [1]
  .text                ro code  0x1fff3adc    0x50  misc.o [1]
  .text                ro code  0x1fff3b2c    0xcc  PID.o [1]
  .text                ro code  0x1fff3bf8    0x7c  MK60_PIT.o [1]
  .text                ro code  0x1fff3c74    0x2e  I32ToFlt.o [4]
  .text                ro code  0x1fff3ca4    0xfc  FltDiv.o [4]
  .text                ro code  0x1fff3da0    0x4e  FltToDbl.o [4]
  .text                ro code  0x1fff3df0    0x90  DblToFlt.o [4]
  .text                ro code  0x1fff3e80    0x34  sprintf.o [3]
  .text                ro code  0x1fff3eb4    0x24  FltCmpLe.o [4]
  .text                ro code  0x1fff3ed8    0x24  FltCmpGe.o [4]
  .text                ro code  0x1fff3efc    0xd8  FltMul.o [4]
  .text                ro code  0x1fff3fd4    0x84  FltAdd.o [4]
  .text                ro code  0x1fff4058    0x44  FltToS32.o [4]
  .text                ro code  0x1fff409c    0xe6  FltSub.o [4]
  CodeRelocate                  0x1fff4184   0x1b0  <Block>
    Initializer bytes  const    0x1fff4184   0x1b0  <for CodeRelocateRam-1>
  .text                ro code  0x1fff4334   0x124  system_MK60DZ10.o [1]
  .text                ro code  0x1fff4458    0x40  MK60_wdog.o [1]
  .rodata              const    0x1fff4498    0x48  MK60_dma.o [1]
  .rodata              const    0x1fff44e0    0x48  MK60_flash.o [1]
  .rodata              const    0x1fff4528    0x48  MK60_ftm.o [1]
  .rodata              const    0x1fff4570    0x48  MK60_gpio.o [1]
  .rodata              const    0x1fff45b8    0x48  MK60_PIT.o [1]
  .rodata              const    0x1fff4600    0x48  MK60_uart.o [1]
  .rodata              const    0x1fff4648    0x44  misc.o [1]
  .text                ro code  0x1fff468c    0x40  zero_init3.o [5]
  .rodata              const    0x1fff46cc    0x3c  MK60_conf.o [1]
  .text                ro code  0x1fff4708    0x28  data_init.o [5]
  .rodata              const    0x1fff4730    0x24  MK60_conf.o [1]
  .iar.init_table      const    0x1fff4754    0x10  - Linker created -
  .rodata              const    0x1fff4764    0x20  MK60_conf.o [1]
  .text                ro code  0x1fff4784    0x1a  cmain.o [5]
  .text                ro code  0x1fff479e     0x4  low_level_init.o [3]
  .text                ro code  0x1fff47a2     0x4  exit.o [3]
  .text                ro code  0x1fff47a8     0xa  cexit.o [5]
  .text                ro code  0x1fff47b4     0xc  XXexit.o [5]
  .rodata              const    0x1fff47c0    0x18  VCAN_OV7725_Eagle.o [1]
  .rodata              const    0x1fff47d8    0x18  VCAN_OV7725_Eagle.o [1]
  .text                ro code  0x1fff47f0    0x16  xprout.o [3]
  .text                ro code  0x1fff4808     0xc  putchar.o [3]
  .rodata              const    0x1fff4814    0x14  MK60_conf.o [1]
  .rodata              const    0x1fff4828    0x14  VCAN_OV7725_Eagle.o [1]
  .text                ro code  0x1fff483c     0xc  cstartup_M.o [5]
  .rodata              const    0x1fff4848     0x0  zero_init3.o [5]
  Initializer bytes    const    0x1fff4848    0x88  <for P2 s0>
                              - 0x1fff48d0  0x44b8

"P2":                                       0x147c
  .data                         0x1fff48d0   0x854  <Block>
    .data-1                     0x1fff48d0   0x854  <Init block>
      .data            inited   0x1fff48d0   0x708  MK60_conf.o [1]
      .data            inited   0x1fff4fd8     0xc  MK60_ftm.o [1]
      .data            inited   0x1fff4fe4    0x14  MK60_gpio.o [1]
      .data            inited   0x1fff4ff8    0x44  MK60_mcg.o [1]
      .data            inited   0x1fff503c     0x4  MK60_mcg.o [1]
      .data            inited   0x1fff5040    0x14  MK60_port.o [1]
      .data            inited   0x1fff5054    0x18  MK60_uart.o [1]
      .data            inited   0x1fff506c     0x8  VCAN_key.o [1]
      .data            inited   0x1fff5074     0x4  VCAN_LED.o [1]
      .data            inited   0x1fff5078     0x1  VCAN_OV7725_Eagle.o [1]
      .data            inited   0x1fff507c    0x64  VCAN_OV7725_Eagle.o [1]
      .data            inited   0x1fff50e0     0x1  VCAN_OV7725_Eagle.o [1]
      .data            inited   0x1fff50e4    0x40  xfiles.o [3]
  CodeRelocateRam               0x1fff5124   0x1b0  <Block>
    CodeRelocateRam-1           0x1fff5124   0x1b0  <Init block>
      .textrw          inited   0x1fff5124   0x160  MK60_flash.o [1]
      .textrw          inited   0x1fff5284    0x50  MK60_mcg.o [1]
  .bss                          0x1fff52d4   0x9f0  <Block>
    .bss               zero     0x1fff52d4   0x960  main.o [1]
    .bss               zero     0x1fff5c34     0x4  main.o [1]
    .bss               zero     0x1fff5c38     0xc  main.o [1]
    .bss               zero     0x1fff5c44    0x20  PID.o [1]
    .bss               zero     0x1fff5c64     0x4  system_MK60DZ10.o [1]
    .bss               zero     0x1fff5c68     0x4  system_MK60DZ10.o [1]
    .bss               zero     0x1fff5c6c     0x4  system_MK60DZ10.o [1]
    .bss               zero     0x1fff5c70     0x4  VCAN_OV7725_Eagle.o [1]
    .bss               zero     0x1fff5c74    0x50  xfiles.o [3]
  P2 s0                         0x1fff5cc4    0x88  <Init block>
    __DLIB_PERTHREAD   inited   0x1fff5cc4    0x88  localeconv.o [3]
                              - 0x1fff5d4c  0x147c


*******************************************************************************
*** INIT TABLE
***

          Address     Size
          -------     ----
Zero (__iar_zero_init3)
    1 destination range, total size 0x9f0:
          0x1fff52d4  0x9f0



*******************************************************************************
*** MODULE SUMMARY
***

    Module                 ro code  rw code  ro data  rw data
    ------                 -------  -------  -------  -------
C:\Users\HK\Desktop\DMA_”•—€…„œÒÕ∑OV7725¥Æø⁄œ‘ æ\Prj\IAR\DZ10_Debug\Obj: [1]
    MK60_DWT.o                 120
    MK60_PIT.o                 124                72
    MK60_conf.o                320             1 948    1 800
    MK60_dma.o                 644                72
    MK60_flash.o                        352      424
    MK60_ftm.o               1 032                84       12
    MK60_gpio.o                304                92       20
    MK60_mcg.o                 948       80      152       72
    MK60_port.o                176                20       20
    MK60_uart.o                608                96       24
    MK60_wdog.o                 64
    PID.o                      204                         32
    VCAN_LED.o                  80                 4        4
    VCAN_OV7725_Eagle.o        452               173      106
    VCAN_SCCB.o                866
    VCAN_key.o                 156                 8        8
    main.o                     612                      2 416
    misc.o                      80                68
    startup_MK60DZ10.o           8
    system_MK60DZ10.o          292                         12
    vectors.o                                  1 040
    ---------------------------------------------------------
    Total:                   7 090      432    4 253    4 526

command line: [2]
    ---------------------------------------------------------
    Total:

dl7M_tlf.a: [3]
    div.o                       14
    exit.o                       4
    localeconv.o               108               136      136
    low_level_init.o             4
    printf.o                    36
    putchar.o                   12
    sprintf.o                   52
    xfiles.o                                      67      144
    xprintflarge_nomb.o      3 062
    xprout.o                    22
    xsprout.o                   10
    xtls.o                       2
    ---------------------------------------------------------
    Total:                   3 326               203      280

m7M_tl.a: [4]
    DblAdd.o                   212
    DblCmpLe.o                  46
    DblDiv.o                   598
    DblMul.o                   418
    DblSub.o                   384
    DblToFlt.o                 144
    DblToI32.o                  44
    FltAdd.o                   132
    FltCmpGe.o                  36
    FltCmpLe.o                  36
    FltDiv.o                   252
    FltMul.o                   216
    FltSub.o                   230
    FltToDbl.o                  78
    FltToS32.o                  68
    I32ToDbl.o                  28
    I32ToFlt.o                  46
    xdnorm.o                    66
    ---------------------------------------------------------
    Total:                   3 034

rt7M_tl.a: [5]
    ABImemcpy_unaligned.o      118
    I64DivMod.o                238
    I64DivZer.o                  2
    XXexit.o                    12
    cexit.o                     10
    cmain.o                     26
    cstartup_M.o                12
    data_init.o                 40
    memchr.o                    88
    strchr.o                    22
    strlen.o                    54
    zero_init3.o                64
    ---------------------------------------------------------
    Total:                     686

    Gaps                        28                          6
    Linker created                                16
-------------------------------------------------------------
    Grand Total:            14 164      432    4 472    4 812


*******************************************************************************
*** ENTRY LIST
***

Entry                      Address   Size  Type      Object
-----                      -------   ----  ----      ------
.bss$$Base              0x1fff52d4          --   Gb  - Linker created -
.bss$$Limit             0x1fff5cc4          --   Gb  - Linker created -
.data$$Base             0x1fff48d0          --   Gb  - Linker created -
.data$$Limit            0x1fff5124          --   Gb  - Linker created -
.data_init$$Base        0x1fff19b4          --   Gb  - Linker created -
.data_init$$Limit       0x1fff2208          --   Gb  - Linker created -
.iar.init_table$$Base   0x1fff4754          --   Gb  - Linker created -
.iar.init_table$$Limit  0x1fff4764          --   Gb  - Linker created -
?main                   0x1fff4785         Code  Gb  cmain.o [5]
ASSERT_FAILED_STR       0x1fff4730   0x24  Data  Gb  MK60_conf.o [1]
CodeRelocate$$Base      0x1fff4184          --   Gb  - Linker created -
CodeRelocate$$Limit     0x1fff4334          --   Gb  - Linker created -
CodeRelocateRam$$Base   0x1fff5124          --   Gb  - Linker created -
CodeRelocateRam$$Limit  0x1fff52d4          --   Gb  - Linker created -
DMA0_IRQHandler         0x1fff376d    0x8  Code  Gb  main.o [1]
FTMN                    0x1fff4fd8    0xc  Data  Gb  MK60_ftm.o [1]
FTM_PWM_init            0x1fff2321  0x180  Code  Gb  MK60_ftm.o [1]
FTM_QUAD_Init           0x1fff24a1  0x106  Code  Gb  MK60_ftm.o [1]
FTM_QUAD_clean          0x1fff25d3   0x28  Code  Gb  MK60_ftm.o [1]
FTM_QUAD_get            0x1fff25a7   0x2c  Code  Gb  MK60_ftm.o [1]
FTM_port_mux            0x1fff2209  0x118  Code  Lc  MK60_ftm.o [1]
GPIOX                   0x1fff4fe4   0x14  Data  Gb  MK60_gpio.o [1]
KEY_PTxn                0x1fff506c    0x8  Data  Gb  VCAN_key.o [1]
LED_PTxn                0x1fff5074    0x4  Data  Gb  VCAN_LED.o [1]
LoadInt                 0x1fff0999   0x6e  Code  Lc  xprintflarge_nomb.o [3]
NVIC_DisableIRQ         0x1fff392d   0x14  Code  Lc  VCAN_OV7725_Eagle.o [1]
NVIC_EnableIRQ          0x1fff36b5   0x14  Code  Lc  main.o [1]
NVIC_EnableIRQ          0x1fff3919   0x14  Code  Lc  VCAN_OV7725_Eagle.o [1]
NVIC_SystemReset        0x1fff26c1   0x1a  Code  Lc  MK60_conf.o [1]
PID_init                0x1fff3b2d   0x34  Code  Gb  PID.o [1]
PID_realize             0x1fff3b67   0x80  Code  Gb  PID.o [1]
PIT0_IRQHandler         0x1fff3775  0x146  Code  Gb  main.o [1]
PORTA_IRQHandler        0x1fff3749   0x22  Code  Gb  main.o [1]
PORTX                   0x1fff5040   0x14  Data  Gb  MK60_port.o [1]
Region$$Table$$Base     0x1fff4754          --   Gb  - Linker created -
Region$$Table$$Limit    0x1fff4764          --   Gb  - Linker created -
Reset_Handler           0x1fff0411         Code  Gb  startup_MK60DZ10.o [1]
SCCB_Ack                0x1fff31a1   0x3c  Code  Lc  VCAN_SCCB.o [1]
SCCB_GPIO_init          0x1fff30e7   0x28  Code  Gb  VCAN_SCCB.o [1]
SCCB_NoAck              0x1fff31dd   0x3c  Code  Lc  VCAN_SCCB.o [1]
SCCB_ReadByte           0x1fff337d   0x2c  Code  Gb  VCAN_SCCB.o [1]
SCCB_ReadByte_one       0x1fff33a9   0x86  Code  Lc  VCAN_SCCB.o [1]
SCCB_ReceiveByte        0x1fff32a9   0x54  Code  Lc  VCAN_SCCB.o [1]
SCCB_SendByte           0x1fff3265   0x44  Code  Lc  VCAN_SCCB.o [1]
SCCB_Start              0x1fff310f   0x5e  Code  Lc  VCAN_SCCB.o [1]
SCCB_Stop               0x1fff316d   0x34  Code  Lc  VCAN_SCCB.o [1]
SCCB_WaitAck            0x1fff3219   0x4c  Code  Lc  VCAN_SCCB.o [1]
SCCB_WriteByte          0x1fff330d   0x28  Code  Gb  VCAN_SCCB.o [1]
SCCB_WriteByte_one      0x1fff3335   0x48  Code  Lc  VCAN_SCCB.o [1]
SCCB_delay              0x1fff30cd   0x1a  Code  Lc  VCAN_SCCB.o [1]
UARTN                   0x1fff5054   0x18  Data  Gb  MK60_uart.o [1]
_GenldLargeNoMb         0x1fff0d8d  0x238  Code  Lc  xprintflarge_nomb.o [3]
_LdtobLargeNoMb         0x1fff0b0d  0x27a  Code  Lc  xprintflarge_nomb.o [3]
_LitobLargeNoMb         0x1fff0a07  0x106  Code  Lc  xprintflarge_nomb.o [3]
_Locale_aeabi_lconv     0x1fff5d14   0x38  Data  Gb  localeconv.o [3]
_Locale_lconv           0x1fff5cc4   0x50  Data  Gb  localeconv.o [3]
_PrintfLargeNoMb        0x1fff0419  0x57a  Code  Gb  xprintflarge_nomb.o [3]
_Prout                  0x1fff47f1   0x16  Code  Gb  xprout.o [3]
_PutcharsLargeNoMb      0x1fff0fc5   0x2e  Code  Lc  xprintflarge_nomb.o [3]
_SProut                 0x1fff100f    0xa  Code  Gb  xsprout.o [3]
__BOOT_STACK_ADDRESS {Abs}
                        0x2000fff8          --   Gb  command line/config [2]
__VECTOR_RAM {Abs}      0x1fff0000          --   Gb  command line/config [2]
__VECTOR_TABLE {Abs}    0x1fff0000          --   Gb  command line/config [2]
__aeabi_cdcmple         0x1fff1269         Code  Gb  DblCmpLe.o [4]
__aeabi_cfcmple         0x1fff3eb5         Code  Gb  FltCmpLe.o [4]
__aeabi_cfrcmple        0x1fff3ed9         Code  Gb  FltCmpGe.o [4]
__aeabi_d2f             0x1fff3df1         Code  Gb  DblToFlt.o [4]
__aeabi_d2uiz           0x1fff1695         Code  Gb  DblToI32.o [4]
__aeabi_ddiv            0x1fff143d         Code  Gb  DblDiv.o [4]
__aeabi_dmul            0x1fff1299         Code  Gb  DblMul.o [4]
__aeabi_dsub            0x1fff16dd         Code  Gb  DblSub.o [4]
__aeabi_f2d             0x1fff3da1         Code  Gb  FltToDbl.o [4]
__aeabi_f2iz            0x1fff4059         Code  Gb  FltToS32.o [4]
__aeabi_fadd            0x1fff3fd5         Code  Gb  FltAdd.o [4]
__aeabi_fdiv            0x1fff3ca5         Code  Gb  FltDiv.o [4]
__aeabi_fmul            0x1fff3efd         Code  Gb  FltMul.o [4]
__aeabi_fsub            0x1fff409d         Code  Gb  FltSub.o [4]
__aeabi_i2f             0x1fff3c75         Code  Gb  I32ToFlt.o [4]
__aeabi_ldiv0           0x1fff18d9         Code  Gb  I64DivZer.o [5]
__aeabi_ui2d            0x1fff16c1         Code  Gb  I32ToDbl.o [4]
__aeabi_uldivmod        0x1fff10c1         Code  Gb  I64DivMod.o [5]
__cmain                 0x1fff4785         Code  Gb  cmain.o [5]
__code_start__ {Abs}    0x1fff0410          --   Gb  command line/config [2]
__exit                  0x1fff47b5         Code  Gb  XXexit.o [5]
__iar_Dnorm             0x1fff1227   0x42  Code  Gb  xdnorm.o [4]
__iar_Locale_lconv_init
                        0x1fff185d   0x3a  Code  Gb  localeconv.o [3]
__iar_Memchr            0x1fff1069         Code  Gb  memchr.o [5]
__iar_Stdout            0x1fff50e4   0x40  Data  Gb  xfiles.o [3]
__iar_Strchr            0x1fff1019         Code  Gb  strchr.o [5]
__iar_d2uiz             0x1fff16a1         Code  Gb  DblToI32.o [4]
__iar_dadd              0x1fff18dd         Code  Gb  DblAdd.o [4]
__iar_data_init3        0x1fff4709   0x28  Code  Gb  data_init.o [5]
__iar_dlib_perthread_access
                        0x1fff19b1    0x2  Code  Gb  xtls.o [3]
__iar_dsub              0x1fff16f1         Code  Gb  DblSub.o [4]
__iar_dsubStart         0x1fff1703         Code  Gb  DblSub.o [4]
__iar_fadd              0x1fff3fe5         Code  Gb  FltAdd.o [4]
__iar_fsub              0x1fff40ad         Code  Gb  FltSub.o [4]
__iar_fsubStart         0x1fff40bd         Code  Gb  FltSub.o [4]
__iar_program_start     0x1fff483d         Code  Gb  cstartup_M.o [5]
__iar_ui2d              0x1fff16c5         Code  Gb  I32ToDbl.o [4]
__iar_ui2f              0x1fff3c89         Code  Gb  I32ToFlt.o [4]
__iar_unaligned___aeabi_memcpy
                        0x1fff11b1         Code  Gb  ABImemcpy_unaligned.o [5]
__iar_unaligned___aeabi_memcpy4
                        0x1fff11d1         Code  Gb  ABImemcpy_unaligned.o [5]
__iar_unaligned___aeabi_memcpy8
                        0x1fff11d1         Code  Gb  ABImemcpy_unaligned.o [5]
__iar_zero_init3        0x1fff468d   0x40  Code  Gb  zero_init3.o [5]
__low_level_init        0x1fff479f    0x4  Code  Gb  low_level_init.o [3]
__vector_table          0x1fff0000  0x410  Data  Gb  vectors.o [1]
_call_main              0x1fff4791         Code  Gb  cmain.o [5]
_exit                   0x1fff47a9         Code  Gb  cexit.o [5]
_main                   0x1fff479b         Code  Gb  cmain.o [5]
assert_failed           0x1fff26db   0x26  Code  Gb  MK60_conf.o [1]
bus_clk_khz             0x1fff5c6c    0x4  Data  Gb  system_MK60DZ10.o [1]
common_startup          0x1fff4389   0x98  Code  Gb  system_MK60DZ10.o [1]
core_clk_khz            0x1fff5c64    0x4  Data  Gb  system_MK60DZ10.o [1]
core_clk_mhz            0x1fff5c68    0x4  Data  Gb  system_MK60DZ10.o [1]
default_isr             0x1fff27af   0x30  Code  Gb  MK60_conf.o [1]
div                     0x1fff18c9    0xe  Code  Gb  div.o [3]
dma_gpio_input_init     0x1fff3431   0x5c  Code  Lc  MK60_dma.o [1]
dma_portx2buff_init     0x1fff348d  0x1f4  Code  Gb  MK60_dma.o [1]
dwt_delay_ms            0x1fff28d5   0x18  Code  Gb  MK60_DWT.o [1]
dwt_delay_us            0x1fff2875   0x4e  Code  Gb  MK60_DWT.o [1]
exit                    0x1fff47a3    0x4  Code  Gb  exit.o [3]
flash_cmd               0x1fff5125   0x20  Code  Gb  MK60_flash.o [1]
flash_erase_sector      0x1fff516d   0x58  Code  Gb  MK60_flash.o [1]
flash_init              0x1fff5145   0x28  Code  Gb  MK60_flash.o [1]
flash_write             0x1fff51c5   0x8e  Code  Gb  MK60_flash.o [1]
fputc                   0x1fff2701   0x14  Code  Gb  MK60_conf.o [1]
geterr                  0x1fff3b61    0x6  Code  Gb  PID.o [1]
gpio_get                0x1fff2cd1   0x3e  Code  Gb  MK60_gpio.o [1]
gpio_init               0x1fff2be9   0xae  Code  Gb  MK60_gpio.o [1]
gpio_turn               0x1fff2c97   0x3a  Code  Gb  MK60_gpio.o [1]
imgbuff                 0x1fff52d4  0x960  Data  Gb  main.o [1]
key_check               0x1fff2bb9   0x2a  Code  Gb  VCAN_key.o [1]
key_get                 0x1fff2b9f   0x1a  Code  Gb  VCAN_key.o [1]
key_init                0x1fff2b4d   0x52  Code  Gb  VCAN_key.o [1]
led_init                0x1fff2801   0x3a  Code  Gb  VCAN_LED.o [1]
led_turn                0x1fff283b   0x10  Code  Gb  VCAN_LED.o [1]
localeconv              0x1fff1897   0x16  Code  Gb  localeconv.o [3]
main                    0x1fff36c9   0x80  Code  Gb  main.o [1]
mcg_cfg                 0x1fff4ff8   0x44  Data  Gb  MK60_mcg.o [1]
mcg_div                 0x1fff503c    0x4  Data  Gb  MK60_mcg.o [1]
mcg_div_count           0x1fff2d19  0x2e6  Code  Gb  MK60_mcg.o [1]
memchr                  0x1fff1069         Code  Gb  memchr.o [5]
obuf                    0x1fff5c74   0x50  Data  Lc  xfiles.o [3]
ov7725_eagle_cfgnum     0x1fff50e0    0x1  Data  Gb  VCAN_OV7725_Eagle.o [1]
ov7725_eagle_dma        0x1fff39f1   0x14  Code  Gb  VCAN_OV7725_Eagle.o [1]
ov7725_eagle_img_buff   0x1fff5c70    0x4  Data  Gb  VCAN_OV7725_Eagle.o [1]
ov7725_eagle_img_flag   0x1fff5078    0x1  Data  Gb  VCAN_OV7725_Eagle.o [1]
ov7725_eagle_init       0x1fff3941   0x18  Code  Gb  VCAN_OV7725_Eagle.o [1]
ov7725_eagle_port_init  0x1fff3959   0x54  Code  Lc  VCAN_OV7725_Eagle.o [1]
ov7725_eagle_reg        0x1fff507c   0x64  Data  Gb  VCAN_OV7725_Eagle.o [1]
ov7725_eagle_reg_init   0x1fff3a05   0x96  Code  Lc  VCAN_OV7725_Eagle.o [1]
ov7725_eagle_vsync      0x1fff39ad   0x44  Code  Gb  VCAN_OV7725_Eagle.o [1]
pid1                    0x1fff5c44   0x20  Data  Gb  PID.o [1]
pit_init                0x1fff3bf9   0x6c  Code  Gb  MK60_PIT.o [1]
pll_init                0x1fff2fff   0xb2  Code  Gb  MK60_mcg.o [1]
port_init               0x1fff2611   0x44  Code  Gb  MK60_port.o [1]
port_init_NoALT         0x1fff2655   0x62  Code  Gb  MK60_port.o [1]
printf                  0x1fff2851   0x24  Code  Gb  printf.o [3]
putchar                 0x1fff4809    0xc  Code  Gb  putchar.o [3]
s1                      0x1fff5c34    0x4  Data  Gb  main.o [1]
set_sys_dividers        0x1fff5285   0x50  Code  Gb  MK60_mcg.o [1]
set_vector_handler      0x1fff3aff   0x22  Code  Gb  misc.o [1]
sprintf                 0x1fff3e81   0x34  Code  Gb  sprintf.o [3]
start                   0x1fff4335   0x18  Code  Gb  system_MK60DZ10.o [1]
start_check             0x1fff2715   0x9a  Code  Gb  MK60_conf.o [1]
strchr                  0x1fff1019         Code  Gb  strchr.o [5]
strlen                  0x1fff1031         Code  Gb  strlen.o [5]
sysinit                 0x1fff434d   0x3c  Code  Gb  system_MK60DZ10.o [1]
uart_init               0x1fff28ed  0x20e  Code  Gb  MK60_uart.o [1]
uart_putchar            0x1fff2afb   0x1a  Code  Gb  MK60_uart.o [1]
uart_putstr             0x1fff2b15   0x20  Code  Gb  MK60_uart.o [1]
vector_str              0x1fff48d0  0x708  Data  Gb  MK60_conf.o [1]
w                       0x1fff5c38    0xc  Data  Gb  main.o [1]
wdog_disable            0x1fff4459   0x16  Code  Gb  MK60_wdog.o [1]
wdog_unlock             0x1fff446f   0x20  Code  Lc  MK60_wdog.o [1]
write_vtor              0x1fff3add   0x22  Code  Gb  misc.o [1]


[1] = C:\Users\HK\Desktop\DMA_”•—€…„œÒÕ∑OV7725¥Æø⁄œ‘ æ\Prj\IAR\DZ10_Debug\Obj
[2] = command line
[3] = dl7M_tlf.a
[4] = m7M_tl.a
[5] = rt7M_tl.a

  14 164 bytes of readonly  code memory
     432 bytes of readwrite code memory
   4 472 bytes of readonly  data memory
   4 812 bytes of readwrite data memory

Errors: none
Warnings: none
