###############################################################################
#
# IAR ELF Linker V7.40.3.8902/W32 for ARM                 16/Nov/2016  20:57:35
# Copyright 2007-2015 IAR Systems AB.
#
#    Output file  =  
#        C:\Users\HK\Desktop\DMA_”•—€…„œÒÕ∑OV7725¥Æø⁄œ‘ æ\Prj\IAR\FX15_Debug\Exe\vcan_Kinetis.out
#    Map file     =  
#        C:\Users\HK\Desktop\DMA_”•—€…„œÒÕ∑OV7725¥Æø⁄œ‘ æ\Prj\IAR\FX15_Debug\List\vcan_Kinetis.map
#    Command line =  
#        C:\Users\HK\Desktop\DMA_”•—€…„œÒÕ∑OV7725¥Æø⁄œ‘ æ\Prj\IAR\FX15_Debug\Obj\main.o
#        C:\Users\HK\Desktop\DMA_”•—€…„œÒÕ∑OV7725¥Æø⁄œ‘ æ\Prj\IAR\FX15_Debug\Obj\misc.o
#        C:\Users\HK\Desktop\DMA_”•—€…„œÒÕ∑OV7725¥Æø⁄œ‘ æ\Prj\IAR\FX15_Debug\Obj\MK60_adc.o
#        C:\Users\HK\Desktop\DMA_”•—€…„œÒÕ∑OV7725¥Æø⁄œ‘ æ\Prj\IAR\FX15_Debug\Obj\MK60_conf.o
#        C:\Users\HK\Desktop\DMA_”•—€…„œÒÕ∑OV7725¥Æø⁄œ‘ æ\Prj\IAR\FX15_Debug\Obj\MK60_dac.o
#        C:\Users\HK\Desktop\DMA_”•—€…„œÒÕ∑OV7725¥Æø⁄œ‘ æ\Prj\IAR\FX15_Debug\Obj\MK60_dma.o
#        C:\Users\HK\Desktop\DMA_”•—€…„œÒÕ∑OV7725¥Æø⁄œ‘ æ\Prj\IAR\FX15_Debug\Obj\MK60_DWT.o
#        C:\Users\HK\Desktop\DMA_”•—€…„œÒÕ∑OV7725¥Æø⁄œ‘ æ\Prj\IAR\FX15_Debug\Obj\MK60_flash.o
#        C:\Users\HK\Desktop\DMA_”•—€…„œÒÕ∑OV7725¥Æø⁄œ‘ æ\Prj\IAR\FX15_Debug\Obj\MK60_ftm.o
#        C:\Users\HK\Desktop\DMA_”•—€…„œÒÕ∑OV7725¥Æø⁄œ‘ æ\Prj\IAR\FX15_Debug\Obj\MK60_gpio.o
#        C:\Users\HK\Desktop\DMA_”•—€…„œÒÕ∑OV7725¥Æø⁄œ‘ æ\Prj\IAR\FX15_Debug\Obj\MK60_i2c.o
#        C:\Users\HK\Desktop\DMA_”•—€…„œÒÕ∑OV7725¥Æø⁄œ‘ æ\Prj\IAR\FX15_Debug\Obj\MK60_it.o
#        C:\Users\HK\Desktop\DMA_”•—€…„œÒÕ∑OV7725¥Æø⁄œ‘ æ\Prj\IAR\FX15_Debug\Obj\MK60_lptmr.o
#        C:\Users\HK\Desktop\DMA_”•—€…„œÒÕ∑OV7725¥Æø⁄œ‘ æ\Prj\IAR\FX15_Debug\Obj\MK60_mcg.o
#        C:\Users\HK\Desktop\DMA_”•—€…„œÒÕ∑OV7725¥Æø⁄œ‘ æ\Prj\IAR\FX15_Debug\Obj\MK60_PIT.o
#        C:\Users\HK\Desktop\DMA_”•—€…„œÒÕ∑OV7725¥Æø⁄œ‘ æ\Prj\IAR\FX15_Debug\Obj\MK60_port.o
#        C:\Users\HK\Desktop\DMA_”•—€…„œÒÕ∑OV7725¥Æø⁄œ‘ æ\Prj\IAR\FX15_Debug\Obj\MK60_rtc.o
#        C:\Users\HK\Desktop\DMA_”•—€…„œÒÕ∑OV7725¥Æø⁄œ‘ æ\Prj\IAR\FX15_Debug\Obj\MK60_spi.o
#        C:\Users\HK\Desktop\DMA_”•—€…„œÒÕ∑OV7725¥Æø⁄œ‘ æ\Prj\IAR\FX15_Debug\Obj\MK60_SysTick.o
#        C:\Users\HK\Desktop\DMA_”•—€…„œÒÕ∑OV7725¥Æø⁄œ‘ æ\Prj\IAR\FX15_Debug\Obj\MK60_uart.o
#        C:\Users\HK\Desktop\DMA_”•—€…„œÒÕ∑OV7725¥Æø⁄œ‘ æ\Prj\IAR\FX15_Debug\Obj\MK60_wdog.o
#        C:\Users\HK\Desktop\DMA_”•—€…„œÒÕ∑OV7725¥Æø⁄œ‘ æ\Prj\IAR\FX15_Debug\Obj\startup_MK60DZ10.o
#        C:\Users\HK\Desktop\DMA_”•—€…„œÒÕ∑OV7725¥Æø⁄œ‘ æ\Prj\IAR\FX15_Debug\Obj\system_MK60DZ10.o
#        C:\Users\HK\Desktop\DMA_”•—€…„œÒÕ∑OV7725¥Æø⁄œ‘ æ\Prj\IAR\FX15_Debug\Obj\VCAN_key.o
#        C:\Users\HK\Desktop\DMA_”•—€…„œÒÕ∑OV7725¥Æø⁄œ‘ æ\Prj\IAR\FX15_Debug\Obj\VCAN_LED.o
#        C:\Users\HK\Desktop\DMA_”•—€…„œÒÕ∑OV7725¥Æø⁄œ‘ æ\Prj\IAR\FX15_Debug\Obj\VCAN_MMA7455.o
#        C:\Users\HK\Desktop\DMA_”•—€…„œÒÕ∑OV7725¥Æø⁄œ‘ æ\Prj\IAR\FX15_Debug\Obj\VCAN_NRF24L0.o
#        C:\Users\HK\Desktop\DMA_”•—€…„œÒÕ∑OV7725¥Æø⁄œ‘ æ\Prj\IAR\FX15_Debug\Obj\VCAN_OV7725_Eagle.o
#        C:\Users\HK\Desktop\DMA_”•—€…„œÒÕ∑OV7725¥Æø⁄œ‘ æ\Prj\IAR\FX15_Debug\Obj\VCAN_RTC_count.o
#        C:\Users\HK\Desktop\DMA_”•—€…„œÒÕ∑OV7725¥Æø⁄œ‘ æ\Prj\IAR\FX15_Debug\Obj\VCAN_SCCB.o
#        C:\Users\HK\Desktop\DMA_”•—€…„œÒÕ∑OV7725¥Æø⁄œ‘ æ\Prj\IAR\FX15_Debug\Obj\vectors.o
#        --redirect _Printf=_PrintfLargeNoMb --redirect _Scanf=_ScanfLargeNoMb
#        -o
#        C:\Users\HK\Desktop\DMA_”•—€…„œÒÕ∑OV7725¥Æø⁄œ‘ æ\Prj\IAR\FX15_Debug\Exe\vcan_Kinetis.out
#        --map
#        C:\Users\HK\Desktop\DMA_”•—€…„œÒÕ∑OV7725¥Æø⁄œ‘ æ\Prj\IAR\FX15_Debug\List\vcan_Kinetis.map
#        --config
#        "C:\Users\HK\Desktop\DMA_”•—€…„œÒÕ∑OV7725¥Æø⁄œ‘ æ\Prj\IAR\config
#        files\vcan_RAM_K60N512.icf"
#        C:\Users\HK\Desktop\DMA_”•—€…„œÒÕ∑OV7725¥Æø⁄œ‘ æ\Prj\IAR\..\..\Lib\CMSIS\iar_cortexM4l_math.a
#        --entry __iar_program_start --redirect __write=__write_buffered --vfe
#
###############################################################################

*******************************************************************************
*** RUNTIME MODEL ATTRIBUTES
***

CppFlavor       = *
__SystemLibrary = DLib


*******************************************************************************
*** PLACEMENT SUMMARY
***

"A1":  place at 0x1fff0000 { ro section .intvec };
"A2":  place at 0x1fff0410 { ro section .noinit };
"P1":  place in [from 0x1fff0000 to 0x20010000] { ro, block CodeRelocate };
"P2":  place in [from 0x1fff0000 to 0x20010000] {
          rw, block CodeRelocateRam, block CSTACK, block HEAP };

  Section              Kind        Address    Size  Object
  -------              ----        -------    ----  ------
"A1":                                        0x410
  .intvec              const    0x1fff0000   0x410  vectors.o [1]
                              - 0x1fff0410   0x410

"A2":                                          0x8
  .noinit              ro code  0x1fff0410     0x8  startup_MK60DZ10.o [1]
                              - 0x1fff0418     0x8

"P1":                                       0x3f50
  .text                ro code  0x1fff0418   0xbf6  xprintflarge_nomb.o [3]
  .text                ro code  0x1fff100e     0xa  xsprout.o [3]
  .text                ro code  0x1fff1018    0x16  strchr.o [5]
  .text                ro code  0x1fff1030    0x36  strlen.o [5]
  .text                ro code  0x1fff1068    0x58  memchr.o [5]
  .text                ro code  0x1fff10c0    0xee  I64DivMod.o [5]
  .text                ro code  0x1fff11b0    0x76  ABImemcpy_unaligned.o [5]
  .text                ro code  0x1fff1226    0x42  xdnorm.o [4]
  .text                ro code  0x1fff1268    0x2e  DblCmpLe.o [4]
  .text                ro code  0x1fff1298   0x1a2  DblMul.o [4]
  .text                ro code  0x1fff143c   0x256  DblDiv.o [4]
  .text                ro code  0x1fff1694    0x2c  DblToI32.o [4]
  .text                ro code  0x1fff16c0    0x30  I32ToDbl.o [4]
  .text                ro code  0x1fff16f0   0x180  DblSub.o [4]
  .text                ro code  0x1fff1870    0x6c  localeconv.o [3]
  .text                ro code  0x1fff18dc     0xe  div.o [3]
  .text                ro code  0x1fff18ec     0x2  I64DivZer.o [5]
  .text                ro code  0x1fff18f0    0xd4  DblAdd.o [4]
  .text                ro code  0x1fff19c4     0x2  xtls.o [3]
  .data_init                    0x1fff19c8   0x868  <Block>
    Initializer bytes  const    0x1fff19c8   0x868  <for .data-1>
  .text                ro code  0x1fff2230   0x408  MK60_ftm.o [1]
  .text                ro code  0x1fff2638    0xb0  MK60_port.o [1]
  .text                ro code  0x1fff26e8   0x140  MK60_conf.o [1]
  .text                ro code  0x1fff2828    0x50  VCAN_LED.o [1]
  .text                ro code  0x1fff2878    0x24  printf.o [3]
  .text                ro code  0x1fff289c    0x78  MK60_DWT.o [1]
  .text                ro code  0x1fff2914   0x260  MK60_uart.o [1]
  .text                ro code  0x1fff2b74    0x9c  VCAN_key.o [1]
  .text                ro code  0x1fff2c10   0x130  MK60_gpio.o [1]
  .text                ro code  0x1fff2d40   0x3b8  MK60_mcg.o [1]
  .text                ro code  0x1fff30f8   0x362  VCAN_SCCB.o [1]
  .text                ro code  0x1fff345c   0x284  MK60_dma.o [1]
  CodeRelocate                  0x1fff36e0   0x1d8  <Block>
    Initializer bytes  const    0x1fff36e0   0x1d8  <for CodeRelocateRam-1>
  .text                ro code  0x1fff38b8   0x1c4  VCAN_OV7725_Eagle.o [1]
  .text                ro code  0x1fff3a7c   0x164  main.o [1]
  .text                ro code  0x1fff3be0    0x50  misc.o [1]
  .text                ro code  0x1fff3c30    0x7c  MK60_PIT.o [1]
  .text                ro code  0x1fff3cac    0x90  DblToFlt.o [4]
  .text                ro code  0x1fff3d3c    0x4e  FltToDbl.o [4]
  .text                ro code  0x1fff3d8c    0x34  sprintf.o [3]
  .text                ro code  0x1fff3dc0   0x124  system_MK60DZ10.o [1]
  .text                ro code  0x1fff3ee4    0x40  MK60_wdog.o [1]
  .rodata              const    0x1fff3f24    0x48  MK60_dma.o [1]
  .rodata              const    0x1fff3f6c    0x48  MK60_flash.o [1]
  .rodata              const    0x1fff3fb4    0x48  MK60_ftm.o [1]
  .rodata              const    0x1fff3ffc    0x48  MK60_gpio.o [1]
  .rodata              const    0x1fff4044    0x48  MK60_PIT.o [1]
  .rodata              const    0x1fff408c    0x48  MK60_uart.o [1]
  .rodata              const    0x1fff40d4    0x44  misc.o [1]
  .text                ro code  0x1fff4118    0x40  zero_init3.o [5]
  .rodata              const    0x1fff4158    0x3c  MK60_conf.o [1]
  .text                ro code  0x1fff4194    0x28  data_init.o [5]
  .rodata              const    0x1fff41bc    0x24  MK60_conf.o [1]
  .iar.init_table      const    0x1fff41e0    0x10  - Linker created -
  .rodata              const    0x1fff41f0    0x20  MK60_conf.o [1]
  .text                ro code  0x1fff4210    0x1a  cmain.o [5]
  .text                ro code  0x1fff422a     0x4  low_level_init.o [3]
  .text                ro code  0x1fff422e     0x4  exit.o [3]
  .text                ro code  0x1fff4234     0xa  cexit.o [5]
  .text                ro code  0x1fff4240     0xc  XXexit.o [5]
  .rodata              const    0x1fff424c    0x18  VCAN_OV7725_Eagle.o [1]
  .rodata              const    0x1fff4264    0x18  VCAN_OV7725_Eagle.o [1]
  .text                ro code  0x1fff427c    0x16  xprout.o [3]
  .text                ro code  0x1fff4294     0xc  putchar.o [3]
  .rodata              const    0x1fff42a0    0x14  MK60_conf.o [1]
  .rodata              const    0x1fff42b4    0x14  VCAN_OV7725_Eagle.o [1]
  .rodata              const    0x1fff42c8     0xc  main.o [1]
  .text                ro code  0x1fff42d4     0xc  cstartup_M.o [5]
  .rodata              const    0x1fff42e0     0x0  zero_init3.o [5]
  Initializer bytes    const    0x1fff42e0    0x88  <for P2 s0>
                              - 0x1fff4368  0x3f50

"P2":                                       0x148c
  .data                         0x1fff4368   0x868  <Block>
    .data-1                     0x1fff4368   0x868  <Init block>
      .data            inited   0x1fff4368   0x708  MK60_conf.o [1]
      .data            inited   0x1fff4a70     0xc  MK60_ftm.o [1]
      .data            inited   0x1fff4a7c    0x14  MK60_gpio.o [1]
      .data            inited   0x1fff4a90    0x58  MK60_mcg.o [1]
      .data            inited   0x1fff4ae8     0x4  MK60_mcg.o [1]
      .data            inited   0x1fff4aec    0x14  MK60_port.o [1]
      .data            inited   0x1fff4b00    0x18  MK60_uart.o [1]
      .data            inited   0x1fff4b18     0x8  VCAN_key.o [1]
      .data            inited   0x1fff4b20     0x4  VCAN_LED.o [1]
      .data            inited   0x1fff4b24     0x1  VCAN_OV7725_Eagle.o [1]
      .data            inited   0x1fff4b28    0x64  VCAN_OV7725_Eagle.o [1]
      .data            inited   0x1fff4b8c     0x1  VCAN_OV7725_Eagle.o [1]
      .data            inited   0x1fff4b90    0x40  xfiles.o [3]
  CodeRelocateRam               0x1fff4bd0   0x1d8  <Block>
    CodeRelocateRam-1           0x1fff4bd0   0x1d8  <Init block>
      .textrw          inited   0x1fff4bd0   0x188  MK60_flash.o [1]
      .textrw          inited   0x1fff4d58    0x50  MK60_mcg.o [1]
  .bss                          0x1fff4da8   0x9c4  <Block>
    .bss               zero     0x1fff4da8   0x960  main.o [1]
    .bss               zero     0x1fff5708     0x4  system_MK60DZ10.o [1]
    .bss               zero     0x1fff570c     0x4  system_MK60DZ10.o [1]
    .bss               zero     0x1fff5710     0x4  system_MK60DZ10.o [1]
    .bss               zero     0x1fff5714     0x4  VCAN_OV7725_Eagle.o [1]
    .bss               zero     0x1fff5718    0x50  xfiles.o [3]
    .bss               zero     0x1fff5768     0x2  main.o [1]
  P2 s0                         0x1fff576c    0x88  <Init block>
    __DLIB_PERTHREAD   inited   0x1fff576c    0x88  localeconv.o [3]
                              - 0x1fff57f4  0x148c


*******************************************************************************
*** INIT TABLE
***

          Address     Size
          -------     ----
Zero (__iar_zero_init3)
    1 destination range, total size 0x9c2:
          0x1fff4da8  0x9c2



*******************************************************************************
*** MODULE SUMMARY
***

    Module                 ro code  rw code  ro data  rw data
    ------                 -------  -------  -------  -------
C:\Users\HK\Desktop\DMA_”•—€…„œÒÕ∑OV7725¥Æø⁄œ‘ æ\Prj\IAR\FX15_Debug\Obj: [1]
    MK60_DWT.o                 120
    MK60_PIT.o                 124                72
    MK60_conf.o                320             1 948    1 800
    MK60_dma.o                 644                72
    MK60_flash.o                        392      464
    MK60_ftm.o               1 032                84       12
    MK60_gpio.o                304                92       20
    MK60_mcg.o                 952       80      172       92
    MK60_port.o                176                20       20
    MK60_uart.o                608                96       24
    MK60_wdog.o                 64
    VCAN_LED.o                  80                 4        4
    VCAN_OV7725_Eagle.o        452               173      106
    VCAN_SCCB.o                866
    VCAN_key.o                 156                 8        8
    main.o                     356                12    2 402
    misc.o                      80                68
    startup_MK60DZ10.o           8
    system_MK60DZ10.o          292                         12
    vectors.o                                  1 040
    ---------------------------------------------------------
    Total:                   6 634      472    4 325    4 500

command line: [2]
    ---------------------------------------------------------
    Total:

dl7M_tlf.a: [3]
    div.o                       14
    exit.o                       4
    localeconv.o               108               136      136
    low_level_init.o             4
    printf.o                    36
    putchar.o                   12
    sprintf.o                   52
    xfiles.o                                      67      144
    xprintflarge_nomb.o      3 062
    xprout.o                    22
    xsprout.o                   10
    xtls.o                       2
    ---------------------------------------------------------
    Total:                   3 326               203      280

m7M_tl.a: [4]
    DblAdd.o                   212
    DblCmpLe.o                  46
    DblDiv.o                   598
    DblMul.o                   418
    DblSub.o                   384
    DblToFlt.o                 144
    DblToI32.o                  44
    FltToDbl.o                  78
    I32ToDbl.o                  48
    xdnorm.o                    66
    ---------------------------------------------------------
    Total:                   2 038

rt7M_tl.a: [5]
    ABImemcpy_unaligned.o      118
    I64DivMod.o                238
    I64DivZer.o                  2
    XXexit.o                    12
    cexit.o                     10
    cmain.o                     26
    cstartup_M.o                12
    data_init.o                 40
    memchr.o                    88
    strchr.o                    22
    strlen.o                    54
    zero_init3.o                64
    ---------------------------------------------------------
    Total:                     686

    Gaps                        26                          6
    Linker created                                16
-------------------------------------------------------------
    Grand Total:            12 710      472    4 544    4 786


*******************************************************************************
*** ENTRY LIST
***

Entry                      Address   Size  Type      Object
-----                      -------   ----  ----      ------
.bss$$Base              0x1fff4da8          --   Gb  - Linker created -
.bss$$Limit             0x1fff576c          --   Gb  - Linker created -
.data$$Base             0x1fff4368          --   Gb  - Linker created -
.data$$Limit            0x1fff4bd0          --   Gb  - Linker created -
.data_init$$Base        0x1fff19c8          --   Gb  - Linker created -
.data_init$$Limit       0x1fff2230          --   Gb  - Linker created -
.iar.init_table$$Base   0x1fff41e0          --   Gb  - Linker created -
.iar.init_table$$Limit  0x1fff41f0          --   Gb  - Linker created -
?main                   0x1fff4211         Code  Gb  cmain.o [5]
ASSERT_FAILED_STR       0x1fff41bc   0x24  Data  Gb  MK60_conf.o [1]
CodeRelocate$$Base      0x1fff36e0          --   Gb  - Linker created -
CodeRelocate$$Limit     0x1fff38b8          --   Gb  - Linker created -
CodeRelocateRam$$Base   0x1fff4bd0          --   Gb  - Linker created -
CodeRelocateRam$$Limit  0x1fff4da8          --   Gb  - Linker created -
DMA0_IRQHandler         0x1fff3b35    0x8  Code  Gb  main.o [1]
FTMN                    0x1fff4a70    0xc  Data  Gb  MK60_ftm.o [1]
FTM_PWM_init            0x1fff2349  0x180  Code  Gb  MK60_ftm.o [1]
FTM_QUAD_Init           0x1fff24c9  0x106  Code  Gb  MK60_ftm.o [1]
FTM_QUAD_clean          0x1fff25fb   0x28  Code  Gb  MK60_ftm.o [1]
FTM_QUAD_get            0x1fff25cf   0x2c  Code  Gb  MK60_ftm.o [1]
FTM_port_mux            0x1fff2231  0x118  Code  Lc  MK60_ftm.o [1]
GPIOX                   0x1fff4a7c   0x14  Data  Gb  MK60_gpio.o [1]
KEY_PTxn                0x1fff4b18    0x8  Data  Gb  VCAN_key.o [1]
LED_PTxn                0x1fff4b20    0x4  Data  Gb  VCAN_LED.o [1]
LoadInt                 0x1fff0999   0x6e  Code  Lc  xprintflarge_nomb.o [3]
NVIC_DisableIRQ         0x1fff38cd   0x14  Code  Lc  VCAN_OV7725_Eagle.o [1]
NVIC_EnableIRQ          0x1fff3a7d   0x14  Code  Lc  main.o [1]
NVIC_EnableIRQ          0x1fff38b9   0x14  Code  Lc  VCAN_OV7725_Eagle.o [1]
NVIC_SystemReset        0x1fff26e9   0x1a  Code  Lc  MK60_conf.o [1]
PIT0_IRQHandler         0x1fff3b3d   0x72  Code  Gb  main.o [1]
PORTA_IRQHandler        0x1fff3b11   0x22  Code  Gb  main.o [1]
PORTX                   0x1fff4aec   0x14  Data  Gb  MK60_port.o [1]
Region$$Table$$Base     0x1fff41e0          --   Gb  - Linker created -
Region$$Table$$Limit    0x1fff41f0          --   Gb  - Linker created -
Reset_Handler           0x1fff0411         Code  Gb  startup_MK60DZ10.o [1]
SCCB_Ack                0x1fff31cd   0x3c  Code  Lc  VCAN_SCCB.o [1]
SCCB_GPIO_init          0x1fff3113   0x28  Code  Gb  VCAN_SCCB.o [1]
SCCB_NoAck              0x1fff3209   0x3c  Code  Lc  VCAN_SCCB.o [1]
SCCB_ReadByte           0x1fff33a9   0x2c  Code  Gb  VCAN_SCCB.o [1]
SCCB_ReadByte_one       0x1fff33d5   0x86  Code  Lc  VCAN_SCCB.o [1]
SCCB_ReceiveByte        0x1fff32d5   0x54  Code  Lc  VCAN_SCCB.o [1]
SCCB_SendByte           0x1fff3291   0x44  Code  Lc  VCAN_SCCB.o [1]
SCCB_Start              0x1fff313b   0x5e  Code  Lc  VCAN_SCCB.o [1]
SCCB_Stop               0x1fff3199   0x34  Code  Lc  VCAN_SCCB.o [1]
SCCB_WaitAck            0x1fff3245   0x4c  Code  Lc  VCAN_SCCB.o [1]
SCCB_WriteByte          0x1fff3339   0x28  Code  Gb  VCAN_SCCB.o [1]
SCCB_WriteByte_one      0x1fff3361   0x48  Code  Lc  VCAN_SCCB.o [1]
SCCB_delay              0x1fff30f9   0x1a  Code  Lc  VCAN_SCCB.o [1]
UARTN                   0x1fff4b00   0x18  Data  Gb  MK60_uart.o [1]
_GenldLargeNoMb         0x1fff0d8d  0x238  Code  Lc  xprintflarge_nomb.o [3]
_LdtobLargeNoMb         0x1fff0b0d  0x27a  Code  Lc  xprintflarge_nomb.o [3]
_LitobLargeNoMb         0x1fff0a07  0x106  Code  Lc  xprintflarge_nomb.o [3]
_Locale_aeabi_lconv     0x1fff57bc   0x38  Data  Gb  localeconv.o [3]
_Locale_lconv           0x1fff576c   0x50  Data  Gb  localeconv.o [3]
_PrintfLargeNoMb        0x1fff0419  0x57a  Code  Gb  xprintflarge_nomb.o [3]
_Prout                  0x1fff427d   0x16  Code  Gb  xprout.o [3]
_PutcharsLargeNoMb      0x1fff0fc5   0x2e  Code  Lc  xprintflarge_nomb.o [3]
_SProut                 0x1fff100f    0xa  Code  Gb  xsprout.o [3]
__BOOT_STACK_ADDRESS {Abs}
                        0x2000fff8          --   Gb  command line/config [2]
__VECTOR_RAM {Abs}      0x1fff0000          --   Gb  command line/config [2]
__VECTOR_TABLE {Abs}    0x1fff0000          --   Gb  command line/config [2]
__aeabi_cdcmple         0x1fff1269         Code  Gb  DblCmpLe.o [4]
__aeabi_d2f             0x1fff3cad         Code  Gb  DblToFlt.o [4]
__aeabi_d2uiz           0x1fff1695         Code  Gb  DblToI32.o [4]
__aeabi_ddiv            0x1fff143d         Code  Gb  DblDiv.o [4]
__aeabi_dmul            0x1fff1299         Code  Gb  DblMul.o [4]
__aeabi_dsub            0x1fff16f1         Code  Gb  DblSub.o [4]
__aeabi_f2d             0x1fff3d3d         Code  Gb  FltToDbl.o [4]
__aeabi_i2d             0x1fff16c1         Code  Gb  I32ToDbl.o [4]
__aeabi_ldiv0           0x1fff18ed         Code  Gb  I64DivZer.o [5]
__aeabi_ui2d            0x1fff16d5         Code  Gb  I32ToDbl.o [4]
__aeabi_uldivmod        0x1fff10c1         Code  Gb  I64DivMod.o [5]
__cmain                 0x1fff4211         Code  Gb  cmain.o [5]
__code_start__ {Abs}    0x1fff0410          --   Gb  command line/config [2]
__exit                  0x1fff4241         Code  Gb  XXexit.o [5]
__iar_Dnorm             0x1fff1227   0x42  Code  Gb  xdnorm.o [4]
__iar_Locale_lconv_init
                        0x1fff1871   0x3a  Code  Gb  localeconv.o [3]
__iar_Memchr            0x1fff1069         Code  Gb  memchr.o [5]
__iar_Stdout            0x1fff4b90   0x40  Data  Gb  xfiles.o [3]
__iar_Strchr            0x1fff1019         Code  Gb  strchr.o [5]
__iar_d2uiz             0x1fff16a1         Code  Gb  DblToI32.o [4]
__iar_dadd              0x1fff18f1         Code  Gb  DblAdd.o [4]
__iar_data_init3        0x1fff4195   0x28  Code  Gb  data_init.o [5]
__iar_dlib_perthread_access
                        0x1fff19c5    0x2  Code  Gb  xtls.o [3]
__iar_dsub              0x1fff1705         Code  Gb  DblSub.o [4]
__iar_dsubStart         0x1fff1717         Code  Gb  DblSub.o [4]
__iar_program_start     0x1fff42d5         Code  Gb  cstartup_M.o [5]
__iar_ui2d              0x1fff16d9         Code  Gb  I32ToDbl.o [4]
__iar_unaligned___aeabi_memcpy
                        0x1fff11b1         Code  Gb  ABImemcpy_unaligned.o [5]
__iar_unaligned___aeabi_memcpy4
                        0x1fff11d1         Code  Gb  ABImemcpy_unaligned.o [5]
__iar_unaligned___aeabi_memcpy8
                        0x1fff11d1         Code  Gb  ABImemcpy_unaligned.o [5]
__iar_zero_init3        0x1fff4119   0x40  Code  Gb  zero_init3.o [5]
__low_level_init        0x1fff422b    0x4  Code  Gb  low_level_init.o [3]
__vector_table          0x1fff0000  0x410  Data  Gb  vectors.o [1]
_call_main              0x1fff421d         Code  Gb  cmain.o [5]
_exit                   0x1fff4235         Code  Gb  cexit.o [5]
_main                   0x1fff4227         Code  Gb  cmain.o [5]
assert_failed           0x1fff2703   0x26  Code  Gb  MK60_conf.o [1]
bus_clk_khz             0x1fff5710    0x4  Data  Gb  system_MK60DZ10.o [1]
common_startup          0x1fff3e15   0x98  Code  Gb  system_MK60DZ10.o [1]
core_clk_khz            0x1fff5708    0x4  Data  Gb  system_MK60DZ10.o [1]
core_clk_mhz            0x1fff570c    0x4  Data  Gb  system_MK60DZ10.o [1]
default_isr             0x1fff27d7   0x30  Code  Gb  MK60_conf.o [1]
div                     0x1fff18dd    0xe  Code  Gb  div.o [3]
dma_gpio_input_init     0x1fff345d   0x5c  Code  Lc  MK60_dma.o [1]
dma_portx2buff_init     0x1fff34b9  0x1f4  Code  Gb  MK60_dma.o [1]
dwt_delay_ms            0x1fff28fd   0x18  Code  Gb  MK60_DWT.o [1]
dwt_delay_us            0x1fff289d   0x4e  Code  Gb  MK60_DWT.o [1]
exit                    0x1fff422f    0x4  Code  Gb  exit.o [3]
flash_cmd               0x1fff4bd1   0x20  Code  Gb  MK60_flash.o [1]
flash_erase_sector      0x1fff4c0d   0x5c  Code  Gb  MK60_flash.o [1]
flash_init              0x1fff4bf1   0x1c  Code  Gb  MK60_flash.o [1]
flash_write             0x1fff4c69   0xb4  Code  Gb  MK60_flash.o [1]
fputc                   0x1fff2729   0x14  Code  Gb  MK60_conf.o [1]
gpio_get                0x1fff2cf9   0x3e  Code  Gb  MK60_gpio.o [1]
gpio_init               0x1fff2c11   0xae  Code  Gb  MK60_gpio.o [1]
gpio_turn               0x1fff2cbf   0x3a  Code  Gb  MK60_gpio.o [1]
imgbuff                 0x1fff4da8  0x960  Data  Gb  main.o [1]
key_check               0x1fff2be1   0x2a  Code  Gb  VCAN_key.o [1]
key_get                 0x1fff2bc7   0x1a  Code  Gb  VCAN_key.o [1]
key_init                0x1fff2b75   0x52  Code  Gb  VCAN_key.o [1]
led_init                0x1fff2829   0x3a  Code  Gb  VCAN_LED.o [1]
led_turn                0x1fff2863   0x10  Code  Gb  VCAN_LED.o [1]
localeconv              0x1fff18ab   0x16  Code  Gb  localeconv.o [3]
main                    0x1fff3a91   0x7e  Code  Gb  main.o [1]
mcg_cfg                 0x1fff4a90   0x58  Data  Gb  MK60_mcg.o [1]
mcg_div                 0x1fff4ae8    0x4  Data  Gb  MK60_mcg.o [1]
mcg_div_count           0x1fff2d41  0x2e8  Code  Gb  MK60_mcg.o [1]
memchr                  0x1fff1069         Code  Gb  memchr.o [5]
obuf                    0x1fff5718   0x50  Data  Lc  xfiles.o [3]
ov7725_eagle_cfgnum     0x1fff4b8c    0x1  Data  Gb  VCAN_OV7725_Eagle.o [1]
ov7725_eagle_dma        0x1fff3991   0x14  Code  Gb  VCAN_OV7725_Eagle.o [1]
ov7725_eagle_img_buff   0x1fff5714    0x4  Data  Gb  VCAN_OV7725_Eagle.o [1]
ov7725_eagle_img_flag   0x1fff4b24    0x1  Data  Gb  VCAN_OV7725_Eagle.o [1]
ov7725_eagle_init       0x1fff38e1   0x18  Code  Gb  VCAN_OV7725_Eagle.o [1]
ov7725_eagle_port_init  0x1fff38f9   0x54  Code  Lc  VCAN_OV7725_Eagle.o [1]
ov7725_eagle_reg        0x1fff4b28   0x64  Data  Gb  VCAN_OV7725_Eagle.o [1]
ov7725_eagle_reg_init   0x1fff39a5   0x96  Code  Lc  VCAN_OV7725_Eagle.o [1]
ov7725_eagle_vsync      0x1fff394d   0x44  Code  Gb  VCAN_OV7725_Eagle.o [1]
pit_init                0x1fff3c31   0x6c  Code  Gb  MK60_PIT.o [1]
pll_init                0x1fff3029   0xb2  Code  Gb  MK60_mcg.o [1]
port_init               0x1fff2639   0x44  Code  Gb  MK60_port.o [1]
port_init_NoALT         0x1fff267d   0x62  Code  Gb  MK60_port.o [1]
printf                  0x1fff2879   0x24  Code  Gb  printf.o [3]
putchar                 0x1fff4295    0xc  Code  Gb  putchar.o [3]
set_sys_dividers        0x1fff4d59   0x50  Code  Gb  MK60_mcg.o [1]
set_vector_handler      0x1fff3c03   0x22  Code  Gb  misc.o [1]
sprintf                 0x1fff3d8d   0x34  Code  Gb  sprintf.o [3]
start                   0x1fff3dc1   0x18  Code  Gb  system_MK60DZ10.o [1]
start_check             0x1fff273d   0x9a  Code  Gb  MK60_conf.o [1]
strchr                  0x1fff1019         Code  Gb  strchr.o [5]
strlen                  0x1fff1031         Code  Gb  strlen.o [5]
sysinit                 0x1fff3dd9   0x3c  Code  Gb  system_MK60DZ10.o [1]
uart_init               0x1fff2915  0x20e  Code  Gb  MK60_uart.o [1]
uart_putchar            0x1fff2b23   0x1a  Code  Gb  MK60_uart.o [1]
uart_putstr             0x1fff2b3d   0x20  Code  Gb  MK60_uart.o [1]
val                     0x1fff5768    0x2  Data  Gb  main.o [1]
vector_str              0x1fff4368  0x708  Data  Gb  MK60_conf.o [1]
wdog_disable            0x1fff3ee5   0x16  Code  Gb  MK60_wdog.o [1]
wdog_unlock             0x1fff3efb   0x20  Code  Lc  MK60_wdog.o [1]
write_vtor              0x1fff3be1   0x22  Code  Gb  misc.o [1]


[1] = C:\Users\HK\Desktop\DMA_”•—€…„œÒÕ∑OV7725¥Æø⁄œ‘ æ\Prj\IAR\FX15_Debug\Obj
[2] = command line
[3] = dl7M_tlf.a
[4] = m7M_tl.a
[5] = rt7M_tl.a

  12 710 bytes of readonly  code memory
     472 bytes of readwrite code memory
   4 544 bytes of readonly  data memory
   4 786 bytes of readwrite data memory

Errors: none
Warnings: none
